###############################################################################
#
# IAR ELF Linker V9.10.1.308/W64 for ARM                  10/Dec/2025  21:58:50
# Copyright 2007-2021 IAR Systems AB.
#
#    Output file  =
#        C:\main\Computer Engineering\Level 5\Intro to Embedded
#        Systems\Project\Control\Debug\Exe\Control.out
#    Map file     =
#        C:\main\Computer Engineering\Level 5\Intro to Embedded
#        Systems\Project\Control\Debug\List\Control.map
#    Command line =
#        -f "C:\main\Computer Engineering\Level 5\Intro to Embedded
#        Systems\Project\Control\Debug\Exe\Control.out.rsp" ("C:\main\Computer
#        Engineering\Level 5\Intro to Embedded
#        Systems\Project\Control\Debug\Obj\Logic\buffer.o" "C:\main\Computer
#        Engineering\Level 5\Intro to Embedded
#        Systems\Project\Control\Debug\Obj\Drivers\buzzer.o" "C:\main\Computer
#        Engineering\Level 5\Intro to Embedded
#        Systems\Project\Control\Debug\Obj\Drivers\eeprom.o" "C:\main\Computer
#        Engineering\Level 5\Intro to Embedded
#        Systems\Project\Control\Debug\Obj\main.o" "C:\main\Computer
#        Engineering\Level 5\Intro to Embedded
#        Systems\Project\Control\Debug\Obj\Drivers\motor.o" "C:\main\Computer
#        Engineering\Level 5\Intro to Embedded
#        Systems\Project\Control\Debug\Obj\Logic\passowrd.o" "C:\main\Computer
#        Engineering\Level 5\Intro to Embedded
#        Systems\Project\Control\Debug\Obj\startup_ewarm.o" "C:\main\Computer
#        Engineering\Level 5\Intro to Embedded
#        Systems\Project\Control\Debug\Obj\Logic\statemachine.o"
#        "C:\main\Computer Engineering\Level 5\Intro to Embedded
#        Systems\Project\Control\Debug\Obj\Drivers\timer.o" "C:\main\Computer
#        Engineering\Level 5\Intro to Embedded
#        Systems\Project\Control\Debug\Obj\Drivers\uart.o" --no_out_extension
#        -o "C:\main\Computer Engineering\Level 5\Intro to Embedded
#        Systems\Project\Control\Debug\Exe\Control.out" --redirect
#        _Printf=_PrintfFullNoMb --redirect _Scanf=_ScanfFullNoMb --map
#        "C:\main\Computer Engineering\Level 5\Intro to Embedded
#        Systems\Project\Control\Debug\List\Control.map" --config "C:\Program
#        Files\IAR Systems\Embedded Workbench
#        9.0\arm\config\linker\TexasInstruments\TM4C123GH6.icf" --semihosting
#        --entry __iar_program_start --vfe --text_out locale)
#
###############################################################################

*******************************************************************************
*** RUNTIME MODEL ATTRIBUTES
***

CppFlavor       = *
__SystemLibrary = DLib
__dlib_version  = 6


*******************************************************************************
*** HEAP SELECTION
***

The basic heap was selected because no calls to memory allocation
functions were found in the application outside of system library
functions, and there are calls to deallocation functions in the
application.


*******************************************************************************
*** PLACEMENT SUMMARY
***

"A0":  place at address 0x0 { ro section .intvec };
"P1":  place in [from 0x0 to 0x3'ffff] { ro };
define block CSTACK with size = 4K, alignment = 8 { };
define block HEAP with size = 8K, alignment = 8 { };
"P2":  place in [from 0x2000'0000 to 0x2000'7fff] {
          rw, block CSTACK, block HEAP };
do not initialize { rw section .noinit };

  Section          Kind         Address   Size  Object
  -------          ----         -------   ----  ------
"A0":                                    0x26c
  .intvec          const            0x0  0x26c  startup_ewarm.o [1]
                                - 0x26c  0x26c

"P1":                                    0x7f4
  .text            ro code        0x26c  0x1f8  statemachine.o [3]
  .text            ro code        0x464  0x118  eeprom.o [2]
  .text            ro code        0x57c   0x24  buffer.o [3]
  .text            ro code        0x5a0  0x158  uart.o [2]
  .text            ro code        0x6f8   0x2c  passowrd.o [3]
  .text            ro code        0x724   0xe8  motor.o [2]
  .text            ro code        0x80c   0x70  timer.o [2]
  .text            ro code        0x87c   0x8c  buzzer.o [2]
  .text            ro code        0x908   0x40  main.o [1]
  .text            ro code        0x948   0x38  zero_init3.o [6]
  .text            ro code        0x980   0x28  data_init.o [6]
  .text            ro code        0x9a8   0x22  fpinit_M.o [5]
  .iar.init_table  const          0x9cc   0x10  - Linker created -
  .text            ro code        0x9dc   0x1e  startup_ewarm.o [1]
  .text            ro code        0x9fc   0x1c  cstartup_M.o [6]
  .text            ro code        0xa18   0x1e  cmain.o [6]
  .text            ro code        0xa36    0x4  low_level_init.o [4]
  .text            ro code        0xa3a    0x4  exit.o [4]
  .text            ro code        0xa40    0xa  cexit.o [6]
  .text            ro code        0xa4c   0x14  exit.o [7]
  .rodata          const          0xa60    0x0  zero_init3.o [6]
                                - 0xa60  0x7f4

"P2", part 1 of 2:                        0x14
  .bss             zero     0x2000'0000    0x8  buffer.o [3]
  .bss             zero     0x2000'0008    0x4  buffer.o [3]
  .bss             zero     0x2000'000c    0x4  statemachine.o [3]
  .bss             zero     0x2000'0010    0x1  statemachine.o [3]
  .bss             zero     0x2000'0011    0x1  statemachine.o [3]
                          - 0x2000'0012   0x12

"P2", part 2 of 2:                       0x200
  .noinit          uninit   0x2000'0014  0x200  startup_ewarm.o [1]
                          - 0x2000'0214  0x200

Unused ranges:

         From           To      Size
         ----           --      ----
        0xa60     0x3'ffff  0x3'f5a0
  0x2000'0214  0x2000'7fff    0x7dec


*******************************************************************************
*** INIT TABLE
***

          Address      Size
          -------      ----
Zero (__iar_zero_init3)
    1 destination range, total size 0x12:
          0x2000'0000  0x12



*******************************************************************************
*** MODULE SUMMARY
***

    Module            ro code  ro data  rw data
    ------            -------  -------  -------
command line/config:
    -------------------------------------------
    Total:

C:\main\Computer Engineering\Level 5\Intro to Embedded Systems\Project\Control\Debug\Obj: [1]
    main.o                 64
    startup_ewarm.o        30      620      512
    -------------------------------------------
    Total:                 94      620      512

C:\main\Computer Engineering\Level 5\Intro to Embedded Systems\Project\Control\Debug\Obj\Drivers: [2]
    buzzer.o              140
    eeprom.o              280
    motor.o               232
    timer.o               112
    uart.o                344
    -------------------------------------------
    Total:              1'108

C:\main\Computer Engineering\Level 5\Intro to Embedded Systems\Project\Control\Debug\Obj\Logic: [3]
    buffer.o               36                12
    passowrd.o             44
    statemachine.o        504                 6
    -------------------------------------------
    Total:                584                18

dl7M_tln.a: [4]
    exit.o                  4
    low_level_init.o        4
    -------------------------------------------
    Total:                  8

m7M_tls.a: [5]
    fpinit_M.o             34
    -------------------------------------------
    Total:                 34

rt7M_tl.a: [6]
    cexit.o                10
    cmain.o                30
    cstartup_M.o           28
    data_init.o            40
    zero_init3.o           56
    -------------------------------------------
    Total:                164

shb_l.a: [7]
    exit.o                 20
    -------------------------------------------
    Total:                 20

    Gaps                    6        2
    Linker created                  16
-----------------------------------------------
    Grand Total:        2'018      638      530


*******************************************************************************
*** ENTRY LIST
***

Entry                       Address   Size  Type      Object
-----                       -------   ----  ----      ------
.iar.init_table$$Base         0x9cc          --   Gb  - Linker created -
.iar.init_table$$Limit        0x9dc          --   Gb  - Linker created -
?main                         0xa19         Code  Gb  cmain.o [6]
BUFFER                  0x2000'0000    0x8  Data  Gb  buffer.o [3]
Buzzer_Init                   0x893   0x2e  Code  Gb  buzzer.o [2]
Buzzer_ON                     0x8f1   0x18  Code  Gb  buzzer.o [2]
Buzzer_Output                 0x8c1   0x20  Code  Gb  buzzer.o [2]
EEPROM_Init                   0x465   0x16  Code  Gb  eeprom.o [2]
EEPROM_ReadPassword           0x4c1   0x32  Code  Gb  eeprom.o [2]
EEPROM_ReadTimeout            0x54b   0x1c  Code  Gb  eeprom.o [2]
EEPROM_WritePassword          0x47b   0x46  Code  Gb  eeprom.o [2]
EEPROM_WriteTimeout           0x52f   0x1c  Code  Gb  eeprom.o [2]
FaultISR                      0x9f7    0x2  Code  Lc  startup_ewarm.o [1]
IntDefaultHandler             0x9f9    0x2  Code  Lc  startup_ewarm.o [1]
NmiSR                         0x9f5    0x2  Code  Lc  startup_ewarm.o [1]
Region$$Table$$Base           0x9cc          --   Gb  - Linker created -
Region$$Table$$Limit          0x9dc          --   Gb  - Linker created -
ResetBuffer                   0x57d   0x24  Code  Gb  buffer.o [3]
ResetISR                      0x9dd   0x14  Code  Gb  startup_ewarm.o [1]
StateMachine                  0x26d  0x1f8  Code  Gb  statemachine.o [3]
Timer0A_DelayMs               0x835   0x28  Code  Gb  timer.o [2]
Timer0A_Init                  0x80d   0x28  Code  Gb  timer.o [2]
UART0IntHandler               0x661   0x50  Code  Gb  uart.o [2]
UART0_Init                    0x5b7   0x82  Code  Gb  uart.o [2]
UART0_Send_String             0x64b   0x16  Code  Gb  uart.o [2]
UART0_Transmit                0x639   0x12  Code  Gb  uart.o [2]
__cmain                       0xa19         Code  Gb  cmain.o [6]
__exit                        0xa4d   0x14  Code  Gb  exit.o [7]
__iar_data_init3              0x981   0x28  Code  Gb  data_init.o [6]
__iar_init_vfp                0x9a9         Code  Gb  fpinit_M.o [5]
__iar_program_start           0x9fd         Code  Gb  cstartup_M.o [6]
__iar_zero_init3              0x949   0x38  Code  Gb  zero_init3.o [6]
__low_level_init              0xa37    0x4  Code  Gb  low_level_init.o [4]
__vector_table                  0x0  0x26c  Data  Gb  startup_ewarm.o [1]
_call_main                    0xa25         Code  Gb  cmain.o [6]
_exit                         0xa41         Code  Gb  cexit.o [6]
bufferIndex             0x2000'0008    0x4  Data  Gb  buffer.o [3]
close_Door                    0x7d7    0xa  Code  Gb  motor.o [2]
comparePassword               0x6f9   0x2c  Code  Gb  passowrd.o [3]
convertTimeoutToSec           0x4f3   0x3c  Code  Gb  eeprom.o [2]
currentAction           0x2000'0011    0x1  Data  Gb  statemachine.o [3]
currentState            0x2000'0010    0x1  Data  Gb  statemachine.o [3]
enable_gpio                   0x87d   0x16  Code  Lc  buzzer.o [2]
enable_gpio                   0x909   0x16  Code  Lc  main.o [1]
enable_gpio                   0x5a1   0x16  Code  Lc  uart.o [2]
exit                          0xa3b    0x4  Code  Gb  exit.o [4]
failCount               0x2000'000c    0x4  Data  Gb  statemachine.o [3]
initialize_motor              0x725   0xa8  Code  Gb  motor.o [2]
main                          0x925   0x24  Code  Gb  main.o [1]
open_Door                     0x7cd    0xa  Code  Gb  motor.o [2]
pui32Stack              0x2000'0014  0x200  Data  Lc  startup_ewarm.o [1]


[1] = C:\main\Computer Engineering\Level 5\Intro to Embedded Systems\Project\Control\Debug\Obj
[2] = C:\main\Computer Engineering\Level 5\Intro to Embedded Systems\Project\Control\Debug\Obj\Drivers
[3] = C:\main\Computer Engineering\Level 5\Intro to Embedded Systems\Project\Control\Debug\Obj\Logic
[4] = dl7M_tln.a
[5] = m7M_tls.a
[6] = rt7M_tl.a
[7] = shb_l.a

  2'018 bytes of readonly  code memory
    638 bytes of readonly  data memory
    530 bytes of readwrite data memory

Errors: none
Warnings: none
