###############################################################################
#
# IAR ELF Linker V9.10.1.308/W64 for ARM                  10/Dec/2025  20:43:04
# Copyright 2007-2021 IAR Systems AB.
#
#    Output file  =
#        C:\main\Computer Engineering\Level 5\Intro to Embedded
#        Systems\Project\Control\Debug\Exe\Control.out
#    Map file     =
#        C:\main\Computer Engineering\Level 5\Intro to Embedded
#        Systems\Project\Control\Debug\List\Control.map
#    Command line =
#        -f "C:\main\Computer Engineering\Level 5\Intro to Embedded
#        Systems\Project\Control\Debug\Exe\Control.out.rsp" ("C:\main\Computer
#        Engineering\Level 5\Intro to Embedded
#        Systems\Project\Control\Debug\Obj\Logic\buffer.o" "C:\main\Computer
#        Engineering\Level 5\Intro to Embedded
#        Systems\Project\Control\Debug\Obj\Drivers\buzzer.o" "C:\main\Computer
#        Engineering\Level 5\Intro to Embedded
#        Systems\Project\Control\Debug\Obj\Drivers\eeprom.o" "C:\main\Computer
#        Engineering\Level 5\Intro to Embedded
#        Systems\Project\Control\Debug\Obj\main.o" "C:\main\Computer
#        Engineering\Level 5\Intro to Embedded
#        Systems\Project\Control\Debug\Obj\Drivers\motor.o" "C:\main\Computer
#        Engineering\Level 5\Intro to Embedded
#        Systems\Project\Control\Debug\Obj\Logic\passowrd.o" "C:\main\Computer
#        Engineering\Level 5\Intro to Embedded
#        Systems\Project\Control\Debug\Obj\startup_ewarm.o" "C:\main\Computer
#        Engineering\Level 5\Intro to Embedded
#        Systems\Project\Control\Debug\Obj\Logic\statemachine.o"
#        "C:\main\Computer Engineering\Level 5\Intro to Embedded
#        Systems\Project\Control\Debug\Obj\Drivers\timer.o" "C:\main\Computer
#        Engineering\Level 5\Intro to Embedded
#        Systems\Project\Control\Debug\Obj\Drivers\uart.o" --no_out_extension
#        -o "C:\main\Computer Engineering\Level 5\Intro to Embedded
#        Systems\Project\Control\Debug\Exe\Control.out" --redirect
#        _Printf=_PrintfFullNoMb --redirect _Scanf=_ScanfFullNoMb --map
#        "C:\main\Computer Engineering\Level 5\Intro to Embedded
#        Systems\Project\Control\Debug\List\Control.map" --config "C:\Program
#        Files\IAR Systems\Embedded Workbench
#        9.0\arm\config\linker\TexasInstruments\TM4C123GH6.icf" --semihosting
#        --entry __iar_program_start --vfe --text_out locale)
#
###############################################################################

*******************************************************************************
*** RUNTIME MODEL ATTRIBUTES
***

CppFlavor       = *
__SystemLibrary = DLib
__dlib_version  = 6


*******************************************************************************
*** HEAP SELECTION
***

The basic heap was selected because no calls to memory allocation
functions were found in the application outside of system library
functions, and there are calls to deallocation functions in the
application.


*******************************************************************************
*** PLACEMENT SUMMARY
***

"A0":  place at address 0x0 { ro section .intvec };
"P1":  place in [from 0x0 to 0x3'ffff] { ro };
define block CSTACK with size = 4K, alignment = 8 { };
define block HEAP with size = 8K, alignment = 8 { };
"P2":  place in [from 0x2000'0000 to 0x2000'7fff] {
          rw, block CSTACK, block HEAP };
do not initialize { rw section .noinit };

  Section          Kind         Address   Size  Object
  -------          ----         -------   ----  ------
"A0":                                    0x26c
  .intvec          const            0x0  0x26c  startup_ewarm.o [1]
                                - 0x26c  0x26c

"P1":                                    0x700
  .text            ro code        0x26c  0x1ec  statemachine.o [3]
  .text            ro code        0x458  0x118  eeprom.o [2]
  .text            ro code        0x570   0x24  buffer.o [3]
  .text            ro code        0x594  0x158  uart.o [2]
  .text            ro code        0x6ec   0x2c  passowrd.o [3]
  .text            ro code        0x718    0x2  motor.o [2]
  .text            ro code        0x71c   0x8c  buzzer.o [2]
  .text            ro code        0x7a8   0x70  timer.o [2]
  .text            ro code        0x818   0x3c  main.o [1]
  .text            ro code        0x854   0x38  zero_init3.o [6]
  .text            ro code        0x88c   0x28  data_init.o [6]
  .text            ro code        0x8b4   0x22  fpinit_M.o [5]
  .iar.init_table  const          0x8d8   0x10  - Linker created -
  .text            ro code        0x8e8   0x1e  startup_ewarm.o [1]
  .text            ro code        0x908   0x1c  cstartup_M.o [6]
  .text            ro code        0x924   0x1e  cmain.o [6]
  .text            ro code        0x942    0x4  low_level_init.o [4]
  .text            ro code        0x946    0x4  exit.o [4]
  .text            ro code        0x94c    0xa  cexit.o [6]
  .text            ro code        0x958   0x14  exit.o [7]
  .rodata          const          0x96c    0x0  zero_init3.o [6]
                                - 0x96c  0x700

"P2", part 1 of 2:                        0x14
  .bss             zero     0x2000'0000    0x8  buffer.o [3]
  .bss             zero     0x2000'0008    0x4  buffer.o [3]
  .bss             zero     0x2000'000c    0x4  statemachine.o [3]
  .bss             zero     0x2000'0010    0x1  statemachine.o [3]
  .bss             zero     0x2000'0011    0x1  statemachine.o [3]
                          - 0x2000'0012   0x12

"P2", part 2 of 2:                       0x200
  .noinit          uninit   0x2000'0014  0x200  startup_ewarm.o [1]
                          - 0x2000'0214  0x200

Unused ranges:

         From           To      Size
         ----           --      ----
        0x96c     0x3'ffff  0x3'f694
  0x2000'0214  0x2000'7fff    0x7dec


*******************************************************************************
*** INIT TABLE
***

          Address      Size
          -------      ----
Zero (__iar_zero_init3)
    1 destination range, total size 0x12:
          0x2000'0000  0x12



*******************************************************************************
*** MODULE SUMMARY
***

    Module            ro code  ro data  rw data
    ------            -------  -------  -------
command line/config:
    -------------------------------------------
    Total:

C:\main\Computer Engineering\Level 5\Intro to Embedded Systems\Project\Control\Debug\Obj: [1]
    main.o                 60
    startup_ewarm.o        30      620      512
    -------------------------------------------
    Total:                 90      620      512

C:\main\Computer Engineering\Level 5\Intro to Embedded Systems\Project\Control\Debug\Obj\Drivers: [2]
    buzzer.o              140
    eeprom.o              280
    motor.o                 2
    timer.o               112
    uart.o                344
    -------------------------------------------
    Total:                878

C:\main\Computer Engineering\Level 5\Intro to Embedded Systems\Project\Control\Debug\Obj\Logic: [3]
    buffer.o               36                12
    passowrd.o             44
    statemachine.o        492                 6
    -------------------------------------------
    Total:                572                18

dl7M_tln.a: [4]
    exit.o                  4
    low_level_init.o        4
    -------------------------------------------
    Total:                  8

m7M_tls.a: [5]
    fpinit_M.o             34
    -------------------------------------------
    Total:                 34

rt7M_tl.a: [6]
    cexit.o                10
    cmain.o                30
    cstartup_M.o           28
    data_init.o            40
    zero_init3.o           56
    -------------------------------------------
    Total:                164

shb_l.a: [7]
    exit.o                 20
    -------------------------------------------
    Total:                 20

    Gaps                    8        2
    Linker created                  16
-----------------------------------------------
    Grand Total:        1'774      638      530


*******************************************************************************
*** ENTRY LIST
***

Entry                       Address   Size  Type      Object
-----                       -------   ----  ----      ------
.iar.init_table$$Base         0x8d8          --   Gb  - Linker created -
.iar.init_table$$Limit        0x8e8          --   Gb  - Linker created -
?main                         0x925         Code  Gb  cmain.o [6]
BUFFER                  0x2000'0000    0x8  Data  Gb  buffer.o [3]
Buzzer_Init                   0x733   0x2e  Code  Gb  buzzer.o [2]
Buzzer_ON                     0x791   0x18  Code  Gb  buzzer.o [2]
Buzzer_Output                 0x761   0x20  Code  Gb  buzzer.o [2]
EEPROM_Init                   0x459   0x16  Code  Gb  eeprom.o [2]
EEPROM_ReadPassword           0x4b5   0x32  Code  Gb  eeprom.o [2]
EEPROM_ReadTimeout            0x53f   0x1c  Code  Gb  eeprom.o [2]
EEPROM_WritePassword          0x46f   0x46  Code  Gb  eeprom.o [2]
EEPROM_WriteTimeout           0x523   0x1c  Code  Gb  eeprom.o [2]
FaultISR                      0x903    0x2  Code  Lc  startup_ewarm.o [1]
IntDefaultHandler             0x905    0x2  Code  Lc  startup_ewarm.o [1]
NmiSR                         0x901    0x2  Code  Lc  startup_ewarm.o [1]
Region$$Table$$Base           0x8d8          --   Gb  - Linker created -
Region$$Table$$Limit          0x8e8          --   Gb  - Linker created -
ResetBuffer                   0x571   0x24  Code  Gb  buffer.o [3]
ResetISR                      0x8e9   0x14  Code  Gb  startup_ewarm.o [1]
StateMachine                  0x26d  0x1ec  Code  Gb  statemachine.o [3]
Timer0A_DelayMs               0x7d1   0x28  Code  Gb  timer.o [2]
Timer0A_Init                  0x7a9   0x28  Code  Gb  timer.o [2]
UART0IntHandler               0x655   0x50  Code  Gb  uart.o [2]
UART0_Init                    0x5ab   0x82  Code  Gb  uart.o [2]
UART0_Send_String             0x63f   0x16  Code  Gb  uart.o [2]
UART0_Transmit                0x62d   0x12  Code  Gb  uart.o [2]
__cmain                       0x925         Code  Gb  cmain.o [6]
__exit                        0x959   0x14  Code  Gb  exit.o [7]
__iar_data_init3              0x88d   0x28  Code  Gb  data_init.o [6]
__iar_init_vfp                0x8b5         Code  Gb  fpinit_M.o [5]
__iar_program_start           0x909         Code  Gb  cstartup_M.o [6]
__iar_zero_init3              0x855   0x38  Code  Gb  zero_init3.o [6]
__low_level_init              0x943    0x4  Code  Gb  low_level_init.o [4]
__vector_table                  0x0  0x26c  Data  Gb  startup_ewarm.o [1]
_call_main                    0x931         Code  Gb  cmain.o [6]
_exit                         0x94d         Code  Gb  cexit.o [6]
bufferIndex             0x2000'0008    0x4  Data  Gb  buffer.o [3]
comparePassword               0x6ed   0x2c  Code  Gb  passowrd.o [3]
convertTimeoutToSec           0x4e7   0x3c  Code  Gb  eeprom.o [2]
currentAction           0x2000'0011    0x1  Data  Gb  statemachine.o [3]
currentState            0x2000'0010    0x1  Data  Gb  statemachine.o [3]
enable_gpio                   0x71d   0x16  Code  Lc  buzzer.o [2]
enable_gpio                   0x819   0x16  Code  Lc  main.o [1]
enable_gpio                   0x595   0x16  Code  Lc  uart.o [2]
exit                          0x947    0x4  Code  Gb  exit.o [4]
failCount               0x2000'000c    0x4  Data  Gb  statemachine.o [3]
main                          0x835   0x20  Code  Gb  main.o [1]
open_Door                     0x719    0x2  Code  Gb  motor.o [2]
pui32Stack              0x2000'0014  0x200  Data  Lc  startup_ewarm.o [1]


[1] = C:\main\Computer Engineering\Level 5\Intro to Embedded Systems\Project\Control\Debug\Obj
[2] = C:\main\Computer Engineering\Level 5\Intro to Embedded Systems\Project\Control\Debug\Obj\Drivers
[3] = C:\main\Computer Engineering\Level 5\Intro to Embedded Systems\Project\Control\Debug\Obj\Logic
[4] = dl7M_tln.a
[5] = m7M_tls.a
[6] = rt7M_tl.a
[7] = shb_l.a

  1'774 bytes of readonly  code memory
    638 bytes of readonly  data memory
    530 bytes of readwrite data memory

Errors: none
Warnings: none
