###############################################################################
#
# IAR ELF Linker V9.10.1.308/W64 for ARM                  12/Dec/2025  10:21:01
# Copyright 2007-2021 IAR Systems AB.
#
#    Output file  =
#        D:\College\Fall 2025\Introduction to Embedded
#        Systems\Project\Door-Lock-System-Tiva\Control\Debug\Exe\Control.out
#    Map file     =
#        D:\College\Fall 2025\Introduction to Embedded
#        Systems\Project\Door-Lock-System-Tiva\Control\Debug\List\Control.map
#    Command line =
#        -f "D:\College\Fall 2025\Introduction to Embedded
#        Systems\Project\Door-Lock-System-Tiva\Control\Debug\Exe\Control.out.rsp"
#        ("D:\College\Fall 2025\Introduction to Embedded
#        Systems\Project\Door-Lock-System-Tiva\Control\Debug\Obj\Logic\buffer.o"
#        "D:\College\Fall 2025\Introduction to Embedded
#        Systems\Project\Door-Lock-System-Tiva\Control\Debug\Obj\Drivers\buzzer.o"
#        "D:\College\Fall 2025\Introduction to Embedded
#        Systems\Project\Door-Lock-System-Tiva\Control\Debug\Obj\Drivers\eeprom.o"
#        "D:\College\Fall 2025\Introduction to Embedded
#        Systems\Project\Door-Lock-System-Tiva\Control\Debug\Obj\main.o"
#        "D:\College\Fall 2025\Introduction to Embedded
#        Systems\Project\Door-Lock-System-Tiva\Control\Debug\Obj\Drivers\motor.o"
#        "D:\College\Fall 2025\Introduction to Embedded
#        Systems\Project\Door-Lock-System-Tiva\Control\Debug\Obj\Logic\passowrd.o"
#        "D:\College\Fall 2025\Introduction to Embedded
#        Systems\Project\Door-Lock-System-Tiva\Control\Debug\Obj\startup_ewarm.o"
#        "D:\College\Fall 2025\Introduction to Embedded
#        Systems\Project\Door-Lock-System-Tiva\Control\Debug\Obj\Logic\statemachine.o"
#        "D:\College\Fall 2025\Introduction to Embedded
#        Systems\Project\Door-Lock-System-Tiva\Control\Debug\Obj\Tests\test_buzzer.o"
#        "D:\College\Fall 2025\Introduction to Embedded
#        Systems\Project\Door-Lock-System-Tiva\Control\Debug\Obj\Tests\test_eeprom.o"
#        "D:\College\Fall 2025\Introduction to Embedded
#        Systems\Project\Door-Lock-System-Tiva\Control\Debug\Obj\Tests\test_functions.o"
#        "D:\College\Fall 2025\Introduction to Embedded
#        Systems\Project\Door-Lock-System-Tiva\Control\Debug\Obj\Tests\test_motor.o"
#        "D:\College\Fall 2025\Introduction to Embedded
#        Systems\Project\Door-Lock-System-Tiva\Control\Debug\Obj\Tests\test_statemachine.o"
#        "D:\College\Fall 2025\Introduction to Embedded
#        Systems\Project\Door-Lock-System-Tiva\Control\Debug\Obj\Tests\test_timer.o"
#        "D:\College\Fall 2025\Introduction to Embedded
#        Systems\Project\Door-Lock-System-Tiva\Control\Debug\Obj\Tests\test_uart.o"
#        "D:\College\Fall 2025\Introduction to Embedded
#        Systems\Project\Door-Lock-System-Tiva\Control\Debug\Obj\Drivers\timer.o"
#        "D:\College\Fall 2025\Introduction to Embedded
#        Systems\Project\Door-Lock-System-Tiva\Control\Debug\Obj\Drivers\uart.o"
#        --no_out_extension -o "D:\College\Fall 2025\Introduction to Embedded
#        Systems\Project\Door-Lock-System-Tiva\Control\Debug\Exe\Control.out"
#        --redirect _Printf=_PrintfFullNoMb --redirect _Scanf=_ScanfFullNoMb
#        --map "D:\College\Fall 2025\Introduction to Embedded
#        Systems\Project\Door-Lock-System-Tiva\Control\Debug\List\Control.map"
#        --config "C:\Program Files\IAR Systems\Embedded Workbench
#        9.0\arm\config\linker\TexasInstruments\TM4C123GH6.icf" --semihosting
#        --entry __iar_program_start --vfe --text_out locale)
#
###############################################################################

*******************************************************************************
*** RUNTIME MODEL ATTRIBUTES
***

CppFlavor       = *
__SystemLibrary = DLib
__dlib_version  = 6


*******************************************************************************
*** HEAP SELECTION
***

The basic heap was selected because no calls to memory allocation
functions were found in the application outside of system library
functions, and there are calls to deallocation functions in the
application.


*******************************************************************************
*** PLACEMENT SUMMARY
***

"A0":  place at address 0x0 { ro section .intvec };
"P1":  place in [from 0x0 to 0x3'ffff] { ro };
define block CSTACK with size = 4K, alignment = 8 { };
define block HEAP with size = 8K, alignment = 8 { };
"P2":  place in [from 0x2000'0000 to 0x2000'7fff] {
          rw, block CSTACK, block HEAP };
do not initialize { rw section .noinit };

  Section          Kind         Address   Size  Object
  -------          ----         -------   ----  ------
"A0":                                    0x26c
  .intvec          const            0x0  0x26c  startup_ewarm.o [1]
                                - 0x26c  0x26c

"P1":                                    0x924
  .text            ro code        0x26c  0x1f0  statemachine.o [3]
  .text            ro code        0x45c  0x124  eeprom.o [2]
  .text            ro code        0x580   0x24  buffer.o [3]
  .text            ro code        0x5a4  0x14c  uart.o [2]
  .text            ro code        0x6f0   0x2c  passowrd.o [3]
  .text            ro code        0x71c   0xe8  motor.o [2]
  .text            ro code        0x804   0x70  timer.o [2]
  .text            ro code        0x874   0x8c  buzzer.o [2]
  .text            ro code        0x900   0xf0  test_statemachine.o [4]
  .text            ro code        0x9f0   0x40  main.o [1]
  .rodata          const          0xa30   0x38  test_statemachine.o [4]
  .text            ro code        0xa68   0x38  zero_init3.o [7]
  .text            ro code        0xaa0   0x28  data_init.o [7]
  .text            ro code        0xac8   0x22  fpinit_M.o [6]
  .iar.init_table  const          0xaec   0x10  - Linker created -
  .text            ro code        0xafc   0x1e  startup_ewarm.o [1]
  .text            ro code        0xb1c   0x1c  cstartup_M.o [7]
  .text            ro code        0xb38   0x1e  cmain.o [7]
  .text            ro code        0xb56    0x4  low_level_init.o [5]
  .text            ro code        0xb5a    0x4  exit.o [5]
  .text            ro code        0xb60    0xa  cexit.o [7]
  .text            ro code        0xb6c   0x14  exit.o [8]
  .rodata          const          0xb80    0x8  test_statemachine.o [4]
  .rodata          const          0xb88    0x8  test_statemachine.o [4]
  .rodata          const          0xb90    0x0  zero_init3.o [7]
                                - 0xb90  0x924

"P2", part 1 of 2:                        0x14
  .bss             zero     0x2000'0000    0x8  buffer.o [3]
  .bss             zero     0x2000'0008    0x4  buffer.o [3]
  .bss             zero     0x2000'000c    0x4  statemachine.o [3]
  .bss             zero     0x2000'0010    0x1  statemachine.o [3]
  .bss             zero     0x2000'0011    0x1  statemachine.o [3]
                          - 0x2000'0012   0x12

"P2", part 2 of 2:                       0x200
  .noinit          uninit   0x2000'0014  0x200  startup_ewarm.o [1]
                          - 0x2000'0214  0x200

Unused ranges:

         From           To      Size
         ----           --      ----
        0xb90     0x3'ffff  0x3'f470
  0x2000'0214  0x2000'7fff    0x7dec


*******************************************************************************
*** INIT TABLE
***

          Address      Size
          -------      ----
Zero (__iar_zero_init3)
    1 destination range, total size 0x12:
          0x2000'0000  0x12



*******************************************************************************
*** MODULE SUMMARY
***

    Module               ro code  ro data  rw data
    ------               -------  -------  -------
command line/config:
    ----------------------------------------------
    Total:

D:\College\Fall 2025\Introduction to Embedded Systems\Project\Door-Lock-System-Tiva\Control\Debug\Obj: [1]
    main.o                    64
    startup_ewarm.o           30      620      512
    ----------------------------------------------
    Total:                    94      620      512

D:\College\Fall 2025\Introduction to Embedded Systems\Project\Door-Lock-System-Tiva\Control\Debug\Obj\Drivers: [2]
    buzzer.o                 140
    eeprom.o                 292
    motor.o                  232
    timer.o                  112
    uart.o                   332
    ----------------------------------------------
    Total:                 1'108

D:\College\Fall 2025\Introduction to Embedded Systems\Project\Door-Lock-System-Tiva\Control\Debug\Obj\Logic: [3]
    buffer.o                  36                12
    passowrd.o                44
    statemachine.o           496                 6
    ----------------------------------------------
    Total:                   576                18

D:\College\Fall 2025\Introduction to Embedded Systems\Project\Door-Lock-System-Tiva\Control\Debug\Obj\Tests: [4]
    test_statemachine.o      240       72
    ----------------------------------------------
    Total:                   240       72

dl7M_tln.a: [5]
    exit.o                     4
    low_level_init.o           4
    ----------------------------------------------
    Total:                     8

m7M_tls.a: [6]
    fpinit_M.o                34
    ----------------------------------------------
    Total:                    34

rt7M_tl.a: [7]
    cexit.o                   10
    cmain.o                   30
    cstartup_M.o              28
    data_init.o               40
    zero_init3.o              56
    ----------------------------------------------
    Total:                   164

shb_l.a: [8]
    exit.o                    20
    ----------------------------------------------
    Total:                    20

    Gaps                       6        2
    Linker created                     16
--------------------------------------------------
    Grand Total:           2'250      710      530


*******************************************************************************
*** ENTRY LIST
***

Entry                       Address   Size  Type      Object
-----                       -------   ----  ----      ------
.iar.init_table$$Base         0xaec          --   Gb  - Linker created -
.iar.init_table$$Limit        0xafc          --   Gb  - Linker created -
?main                         0xb39         Code  Gb  cmain.o [7]
BUFFER                  0x2000'0000    0x8  Data  Gb  buffer.o [3]
Buzzer_Init                   0x88b   0x2e  Code  Gb  buzzer.o [2]
Buzzer_ON                     0x8e9   0x18  Code  Gb  buzzer.o [2]
Buzzer_Output                 0x8b9   0x20  Code  Gb  buzzer.o [2]
EEPROM_Init                   0x45d   0x22  Code  Gb  eeprom.o [2]
EEPROM_ReadPassword           0x4c5   0x32  Code  Gb  eeprom.o [2]
EEPROM_ReadTimeout            0x54f   0x1c  Code  Gb  eeprom.o [2]
EEPROM_WritePassword          0x47f   0x46  Code  Gb  eeprom.o [2]
EEPROM_WriteTimeout           0x533   0x1c  Code  Gb  eeprom.o [2]
FaultISR                      0xb17    0x2  Code  Lc  startup_ewarm.o [1]
IntDefaultHandler             0xb19    0x2  Code  Lc  startup_ewarm.o [1]
NmiSR                         0xb15    0x2  Code  Lc  startup_ewarm.o [1]
Region$$Table$$Base           0xaec          --   Gb  - Linker created -
Region$$Table$$Limit          0xafc          --   Gb  - Linker created -
ResetBuffer                   0x581   0x24  Code  Gb  buffer.o [3]
ResetISR                      0xafd   0x14  Code  Gb  startup_ewarm.o [1]
StateMachine                  0x26d  0x1f0  Code  Gb  statemachine.o [3]
Timer0A_DelayMs               0x82d   0x28  Code  Gb  timer.o [2]
Timer0A_Init                  0x805   0x28  Code  Gb  timer.o [2]
UART0IntHandler               0x665   0x48  Code  Gb  uart.o [2]
UART0_Init                    0x5bb   0x82  Code  Gb  uart.o [2]
UART0_Send_String             0x64f   0x16  Code  Gb  uart.o [2]
UART0_Transmit                0x63d   0x12  Code  Gb  uart.o [2]
__cmain                       0xb39         Code  Gb  cmain.o [7]
__exit                        0xb6d   0x14  Code  Gb  exit.o [8]
__iar_data_init3              0xaa1   0x28  Code  Gb  data_init.o [7]
__iar_init_vfp                0xac9         Code  Gb  fpinit_M.o [6]
__iar_program_start           0xb1d         Code  Gb  cstartup_M.o [7]
__iar_zero_init3              0xa69   0x38  Code  Gb  zero_init3.o [7]
__low_level_init              0xb57    0x4  Code  Gb  low_level_init.o [5]
__vector_table                  0x0  0x26c  Data  Gb  startup_ewarm.o [1]
_call_main                    0xb45         Code  Gb  cmain.o [7]
_exit                         0xb61         Code  Gb  cexit.o [7]
bufferIndex             0x2000'0008    0x4  Data  Gb  buffer.o [3]
close_Door                    0x7cf    0xa  Code  Gb  motor.o [2]
comparePassword               0x6f1   0x2c  Code  Gb  passowrd.o [3]
convertTimeoutToSec           0x4f7   0x3c  Code  Gb  eeprom.o [2]
currentAction           0x2000'0011    0x1  Data  Gb  statemachine.o [3]
currentState            0x2000'0010    0x1  Data  Gb  statemachine.o [3]
enable_gpio                   0x875   0x16  Code  Lc  buzzer.o [2]
enable_gpio                   0x9f1   0x16  Code  Lc  main.o [1]
enable_gpio                   0x5a5   0x16  Code  Lc  uart.o [2]
ensure_password_in_eeprom
                              0x93b   0x16  Code  Lc  test_statemachine.o [4]
exit                          0xb5b    0x4  Code  Gb  exit.o [5]
failCount               0x2000'000c    0x4  Data  Gb  statemachine.o [3]
initialize_motor              0x71d   0xa8  Code  Gb  motor.o [2]
inject_char                   0x901   0x1c  Code  Lc  test_statemachine.o [4]
inject_string                 0x91d   0x16  Code  Lc  test_statemachine.o [4]
main                          0xa0d   0x24  Code  Gb  main.o [1]
open_Door                     0x7c5    0xa  Code  Gb  motor.o [2]
pui32Stack              0x2000'0014  0x200  Data  Lc  startup_ewarm.o [1]
reset_input_buffer            0x933    0x8  Code  Lc  test_statemachine.o [4]
test_full_settimeout_then_open
                              0x951   0x7e  Code  Gb  test_statemachine.o [4]


[1] = D:\College\Fall 2025\Introduction to Embedded Systems\Project\Door-Lock-System-Tiva\Control\Debug\Obj
[2] = D:\College\Fall 2025\Introduction to Embedded Systems\Project\Door-Lock-System-Tiva\Control\Debug\Obj\Drivers
[3] = D:\College\Fall 2025\Introduction to Embedded Systems\Project\Door-Lock-System-Tiva\Control\Debug\Obj\Logic
[4] = D:\College\Fall 2025\Introduction to Embedded Systems\Project\Door-Lock-System-Tiva\Control\Debug\Obj\Tests
[5] = dl7M_tln.a
[6] = m7M_tls.a
[7] = rt7M_tl.a
[8] = shb_l.a

  2'250 bytes of readonly  code memory
    710 bytes of readonly  data memory
    530 bytes of readwrite data memory

Errors: none
Warnings: none
