###############################################################################
#
# IAR ELF Linker V9.10.1.308/W64 for ARM                  22/Dec/2025  18:50:53
# Copyright 2007-2021 IAR Systems AB.
#
#    Output file  =
#        C:\main\Computer Engineering\Level 5\Intro to Embedded
#        Systems\Project\Control\Debug\Exe\Control.out
#    Map file     =
#        C:\main\Computer Engineering\Level 5\Intro to Embedded
#        Systems\Project\Control\Debug\List\Control.map
#    Command line =
#        -f "C:\main\Computer Engineering\Level 5\Intro to Embedded
#        Systems\Project\Control\Debug\Exe\Control.out.rsp" ("C:\main\Computer
#        Engineering\Level 5\Intro to Embedded
#        Systems\Project\Control\Debug\Obj\Application\buffer.o"
#        "C:\main\Computer Engineering\Level 5\Intro to Embedded
#        Systems\Project\Control\Debug\Obj\HW\buzzer.o" "C:\main\Computer
#        Engineering\Level 5\Intro to Embedded
#        Systems\Project\Control\Debug\Obj\MC\eeprom.o" "C:\main\Computer
#        Engineering\Level 5\Intro to Embedded
#        Systems\Project\Control\Debug\Obj\main.o" "C:\main\Computer
#        Engineering\Level 5\Intro to Embedded
#        Systems\Project\Control\Debug\Obj\HW\motor.o" "C:\main\Computer
#        Engineering\Level 5\Intro to Embedded
#        Systems\Project\Control\Debug\Obj\Application\passowrd.o"
#        "C:\main\Computer Engineering\Level 5\Intro to Embedded
#        Systems\Project\Control\Debug\Obj\startup_ewarm.o" "C:\main\Computer
#        Engineering\Level 5\Intro to Embedded
#        Systems\Project\Control\Debug\Obj\Application\statemachine.o"
#        "C:\main\Computer Engineering\Level 5\Intro to Embedded
#        Systems\Project\Control\Debug\Obj\Tests\test_buzzer.o"
#        "C:\main\Computer Engineering\Level 5\Intro to Embedded
#        Systems\Project\Control\Debug\Obj\Tests\test_functions.o"
#        "C:\main\Computer Engineering\Level 5\Intro to Embedded
#        Systems\Project\Control\Debug\Obj\Tests\test_motor.o"
#        "C:\main\Computer Engineering\Level 5\Intro to Embedded
#        Systems\Project\Control\Debug\Obj\Tests\test_timer.o"
#        "C:\main\Computer Engineering\Level 5\Intro to Embedded
#        Systems\Project\Control\Debug\Obj\MC\timer.o" "C:\main\Computer
#        Engineering\Level 5\Intro to Embedded
#        Systems\Project\Control\Debug\Obj\MC\uart.o" --no_out_extension -o
#        "C:\main\Computer Engineering\Level 5\Intro to Embedded
#        Systems\Project\Control\Debug\Exe\Control.out" --redirect
#        _Printf=_PrintfFullNoMb --redirect _Scanf=_ScanfFullNoMb --map
#        "C:\main\Computer Engineering\Level 5\Intro to Embedded
#        Systems\Project\Control\Debug\List\Control.map" --config "C:\Program
#        Files\IAR Systems\Embedded Workbench
#        9.0\arm\config\linker\TexasInstruments\TM4C123GH6.icf" --semihosting
#        --entry __iar_program_start --vfe --text_out locale)
#
###############################################################################

*******************************************************************************
*** RUNTIME MODEL ATTRIBUTES
***

CppFlavor       = *
__SystemLibrary = DLib
__dlib_version  = 6


*******************************************************************************
*** HEAP SELECTION
***

The basic heap was selected because no calls to memory allocation
functions were found in the application outside of system library
functions, and there are calls to deallocation functions in the
application.


*******************************************************************************
*** PLACEMENT SUMMARY
***

"A0":  place at address 0x0 { ro section .intvec };
"P1":  place in [from 0x0 to 0x3'ffff] { ro };
define block CSTACK with size = 4K, alignment = 8 { };
define block HEAP with size = 8K, alignment = 8 { };
"P2":  place in [from 0x2000'0000 to 0x2000'7fff] {
          rw, block CSTACK, block HEAP };
do not initialize { rw section .noinit };
initialize by copy { rw };

  Section            Kind         Address   Size  Object
  -------            ----         -------   ----  ------
"A0":                                      0x26c
  .intvec            const            0x0  0x26c  startup_ewarm.o [1]
                                  - 0x26c  0x26c

"P1":                                      0x9d6
  .text              ro code        0x26c  0x2ec  statemachine.o [2]
  .text              ro code        0x558   0x10  buffer.o [2]
  .text              ro code        0x568   0x30  passowrd.o [2]
  .text              ro code        0x598  0x1ac  uart.o [4]
  .text              ro code        0x744  0x140  eeprom.o [4]
  .text              ro code        0x884   0x8c  buzzer.o [3]
  .text              ro code        0x910   0xec  motor.o [3]
  .text              ro code        0x9fc   0x70  timer.o [4]
  .text              ro code        0xa6c   0xb4  main.o [1]
  .text              ro code        0xb20   0x3a  packbits_init_single.o [8]
  .text              ro code        0xb5c   0x28  data_init.o [8]
  .text              ro code        0xb84   0x22  fpinit_M.o [7]
  .iar.init_table    const          0xba8   0x10  - Linker created -
  .text              ro code        0xbb8   0x1e  startup_ewarm.o [1]
  .text              ro code        0xbd8   0x1c  cstartup_M.o [8]
  .text              ro code        0xbf4   0x1e  cmain.o [8]
  .text              ro code        0xc12    0x4  low_level_init.o [6]
  .text              ro code        0xc16    0x4  exit.o [6]
  .text              ro code        0xc1c    0xa  cexit.o [8]
  .text              ro code        0xc28   0x14  exit.o [9]
  .rodata            const          0xc3c    0x0  packbits_init_single.o [8]
  Initializer bytes  const          0xc3c    0x6  <for P2-1>
                                  - 0xc42  0x9d6

"P2", part 1 of 2:                          0x1b
  P2-1                        0x2000'0000   0x1b  <Init block>
    .bss             inited   0x2000'0000    0x8  buffer.o [2]
    .bss             inited   0x2000'0008    0x4  statemachine.o [2]
    .bss             inited   0x2000'000c    0x8  statemachine.o [2]
    .bss             inited   0x2000'0014    0x4  statemachine.o [2]
    .data            inited   0x2000'0018    0x1  statemachine.o [2]
    .bss             inited   0x2000'0019    0x1  buffer.o [2]
    .bss             inited   0x2000'001a    0x1  statemachine.o [2]
                            - 0x2000'001b   0x1b

"P2", part 2 of 2:                         0x200
  .noinit            uninit   0x2000'001c  0x200  startup_ewarm.o [1]
                            - 0x2000'021c  0x200

Unused ranges:

         From           To      Size
         ----           --      ----
        0xc42     0x3'ffff  0x3'f3be
  0x2000'001b  0x2000'001b       0x1
  0x2000'021c  0x2000'7fff    0x7de4


*******************************************************************************
*** INIT TABLE
***

          Address      Size
          -------      ----
Copy/packbits (__iar_packbits_init_single3)
    1 source range, total size 0x6 (22% of destination):
                0xc3c   0x6
    1 destination range, total size 0x1b:
          0x2000'0000  0x1b



*******************************************************************************
*** MODULE SUMMARY
***

    Module                  ro code  ro data  rw data
    ------                  -------  -------  -------
command line/config:
    -------------------------------------------------
    Total:

C:\main\Computer Engineering\Level 5\Intro to Embedded Systems\Project\Control\Debug\Obj: [1]
    main.o                      180
    startup_ewarm.o              30      620      512
    -------------------------------------------------
    Total:                      210      620      512

C:\main\Computer Engineering\Level 5\Intro to Embedded Systems\Project\Control\Debug\Obj\Application: [2]
    buffer.o                     16        1        9
    passowrd.o                   48
    statemachine.o              748        5       18
    -------------------------------------------------
    Total:                      812        6       27

C:\main\Computer Engineering\Level 5\Intro to Embedded Systems\Project\Control\Debug\Obj\HW: [3]
    buzzer.o                    140
    motor.o                     236
    -------------------------------------------------
    Total:                      376

C:\main\Computer Engineering\Level 5\Intro to Embedded Systems\Project\Control\Debug\Obj\MC: [4]
    eeprom.o                    320
    timer.o                     112
    uart.o                      428
    -------------------------------------------------
    Total:                      860

C:\main\Computer Engineering\Level 5\Intro to Embedded Systems\Project\Control\Debug\Obj\Tests: [5]
    -------------------------------------------------
    Total:

dl7M_tln.a: [6]
    exit.o                        4
    low_level_init.o              4
    -------------------------------------------------
    Total:                        8

m7M_tls.a: [7]
    fpinit_M.o                   34
    -------------------------------------------------
    Total:                       34

rt7M_tl.a: [8]
    cexit.o                      10
    cmain.o                      30
    cstartup_M.o                 28
    data_init.o                  40
    packbits_init_single.o       58
    -------------------------------------------------
    Total:                      166

shb_l.a: [9]
    exit.o                       20
    -------------------------------------------------
    Total:                       20

    Gaps                          8        2
    Linker created                        16
-----------------------------------------------------
    Grand Total:              2'494      644      539


*******************************************************************************
*** ENTRY LIST
***

Entry                       Address   Size  Type      Object
-----                       -------   ----  ----      ------
.iar.init_table$$Base         0xba8          --   Gb  - Linker created -
.iar.init_table$$Limit        0xbb8          --   Gb  - Linker created -
?main                         0xbf5         Code  Gb  cmain.o [8]
BUFFER                  0x2000'0000    0x8  Data  Gb  buffer.o [2]
Buzzer_Init                   0x89b   0x2e  Code  Gb  buzzer.o [3]
Buzzer_ON                     0x8f9   0x18  Code  Gb  buzzer.o [3]
Buzzer_Output                 0x8c9   0x20  Code  Gb  buzzer.o [3]
EEPROM_Init                   0x745   0x24  Code  Gb  eeprom.o [4]
EEPROM_ReadPassword           0x7c9   0x32  Code  Gb  eeprom.o [4]
EEPROM_ReadTimeout            0x855   0x1c  Code  Gb  eeprom.o [4]
EEPROM_WritePassword          0x769   0x60  Code  Gb  eeprom.o [4]
EEPROM_WriteTimeout           0x839   0x1c  Code  Gb  eeprom.o [4]
FaultISR                      0xbd3    0x2  Code  Lc  startup_ewarm.o [1]
IntDefaultHandler             0xbd5    0x2  Code  Lc  startup_ewarm.o [1]
NmiSR                         0xbd1    0x2  Code  Lc  startup_ewarm.o [1]
Region$$Table$$Base           0xba8          --   Gb  - Linker created -
Region$$Table$$Limit          0xbb8          --   Gb  - Linker created -
ResetBuffer                   0x559   0x10  Code  Gb  buffer.o [2]
ResetISR                      0xbb9   0x14  Code  Gb  startup_ewarm.o [1]
StackPaint                    0xa83   0x14  Code  Gb  main.o [1]
StateMachine                  0x26d  0x2ec  Code  Gb  statemachine.o [2]
Timer0A_DelayMs               0xa25   0x28  Code  Gb  timer.o [4]
Timer0A_Init                  0x9fd   0x28  Code  Gb  timer.o [4]
UART0IntHandler               0x67b   0x76  Code  Gb  uart.o [4]
UART0_Init                    0x599   0x9e  Code  Gb  uart.o [4]
UART0_Send_String             0x665   0x16  Code  Gb  uart.o [4]
UART0_Transmit                0x637   0x2e  Code  Gb  uart.o [4]
__cmain                       0xbf5         Code  Gb  cmain.o [8]
__exit                        0xc29   0x14  Code  Gb  exit.o [9]
__iar_data_init3              0xb5d   0x28  Code  Gb  data_init.o [8]
__iar_init_vfp                0xb85         Code  Gb  fpinit_M.o [7]
__iar_packbits_init_single3
                              0xb21   0x3a  Code  Gb  packbits_init_single.o [8]
__iar_program_start           0xbd9         Code  Gb  cstartup_M.o [8]
__low_level_init              0xc13    0x4  Code  Gb  low_level_init.o [6]
__vector_table                  0x0  0x26c  Data  Gb  startup_ewarm.o [1]
_call_main                    0xc01         Code  Gb  cmain.o [8]
_exit                         0xc1d         Code  Gb  cexit.o [8]
bufferIndex             0x2000'0019    0x1  Data  Gb  buffer.o [2]
close_Door                    0x9c5    0xa  Code  Gb  motor.o [3]
comparePassword               0x569   0x30  Code  Gb  passowrd.o [2]
convertTimeoutToSec           0x7fb   0x3e  Code  Gb  eeprom.o [4]
correctPassword         0x2000'000c    0x8  Data  Gb  statemachine.o [2]
currentAction           0x2000'001a    0x1  Data  Gb  statemachine.o [2]
currentState            0x2000'0018    0x1  Data  Gb  statemachine.o [2]
enable_gpio                   0x885   0x16  Code  Lc  buzzer.o [3]
enable_gpio                   0xa6d   0x16  Code  Lc  main.o [1]
exit                          0xc17    0x4  Code  Gb  exit.o [6]
failCount               0x2000'0008    0x4  Data  Gb  statemachine.o [2]
initialize_motor              0x911   0xaa  Code  Gb  motor.o [3]
isChecking              0x2000'0014    0x4  Data  Gb  statemachine.o [2]
main                          0xa99   0x70  Code  Gb  main.o [1]
open_Door                     0x9bb    0xa  Code  Gb  motor.o [3]
pui32Stack              0x2000'001c  0x200  Data  Lc  startup_ewarm.o [1]


[1] = C:\main\Computer Engineering\Level 5\Intro to Embedded Systems\Project\Control\Debug\Obj
[2] = C:\main\Computer Engineering\Level 5\Intro to Embedded Systems\Project\Control\Debug\Obj\Application
[3] = C:\main\Computer Engineering\Level 5\Intro to Embedded Systems\Project\Control\Debug\Obj\HW
[4] = C:\main\Computer Engineering\Level 5\Intro to Embedded Systems\Project\Control\Debug\Obj\MC
[5] = C:\main\Computer Engineering\Level 5\Intro to Embedded Systems\Project\Control\Debug\Obj\Tests
[6] = dl7M_tln.a
[7] = m7M_tls.a
[8] = rt7M_tl.a
[9] = shb_l.a

  2'494 bytes of readonly  code memory
    644 bytes of readonly  data memory
    539 bytes of readwrite data memory

Errors: none
Warnings: none
