###############################################################################
#
# IAR ELF Linker V9.10.1.308/W64 for ARM                  27/Oct/2025  00:08:28
# Copyright 2007-2021 IAR Systems AB.
#
#    Output file  =
#        C:\main\Computer Engineering\Level 5\Intro to Embedded
#        Systems\Project\Control\Debug\Exe\Control.out
#    Map file     =
#        C:\main\Computer Engineering\Level 5\Intro to Embedded
#        Systems\Project\Control\Debug\List\Control.map
#    Command line =
#        -f "C:\main\Computer Engineering\Level 5\Intro to Embedded
#        Systems\Project\Control\Debug\Exe\Control.out.rsp" ("C:\main\Computer
#        Engineering\Level 5\Intro to Embedded
#        Systems\Project\Control\Debug\Obj\main.o" "C:\main\Computer
#        Engineering\Level 5\Intro to Embedded
#        Systems\Project\Control\Debug\Obj\startup_ewarm.o" --no_out_extension
#        -o "C:\main\Computer Engineering\Level 5\Intro to Embedded
#        Systems\Project\Control\Debug\Exe\Control.out" --redirect
#        _Printf=_PrintfFullNoMb --redirect _Scanf=_ScanfFullNoMb --map
#        "C:\main\Computer Engineering\Level 5\Intro to Embedded
#        Systems\Project\Control\Debug\List\Control.map" --config "C:\Program
#        Files\IAR Systems\Embedded Workbench
#        9.0\arm\config\linker\TexasInstruments\TM4C123GH6.icf" --semihosting
#        --entry __iar_program_start --vfe --text_out locale)
#
###############################################################################

*******************************************************************************
*** RUNTIME MODEL ATTRIBUTES
***

CppFlavor       = *
__SystemLibrary = DLib
__dlib_version  = 6


*******************************************************************************
*** HEAP SELECTION
***

The basic heap was selected because no calls to memory allocation
functions were found in the application outside of system library
functions, and there are calls to deallocation functions in the
application.


*******************************************************************************
*** PLACEMENT SUMMARY
***

"A0":  place at address 0x0 { ro section .intvec };
"P1":  place in [from 0x0 to 0x3'ffff] { ro };
define block CSTACK with size = 4K, alignment = 8 { };
define block HEAP with size = 8K, alignment = 8 { };
"P2":  place in [from 0x2000'0000 to 0x2000'7fff] {
          rw, block CSTACK, block HEAP };
do not initialize { rw section .noinit };

  Section          Kind         Address   Size  Object
  -------          ----         -------   ----  ------
"A0":                                    0x26c
  .intvec          const            0x0  0x26c  startup_ewarm.o [1]
                                - 0x26c  0x26c

"P1":                                    0x5b4
  .text            ro code        0x26c  0x418  main.o [1]
  .text            ro code        0x684   0x76  ABImemcpy_unaligned.o [4]
  .text            ro code        0x6fa   0x38  zero_init3.o [4]
  .text            ro code        0x734   0x28  data_init.o [4]
  .text            ro code        0x75c   0x22  fpinit_M.o [3]
  .iar.init_table  const          0x780   0x10  - Linker created -
  .text            ro code        0x790   0x1e  startup_ewarm.o [1]
  .text            ro code        0x7b0   0x1c  cstartup_M.o [4]
  .text            ro code        0x7cc   0x1e  cmain.o [4]
  .text            ro code        0x7ea    0x4  low_level_init.o [2]
  .text            ro code        0x7ee    0x4  exit.o [2]
  .text            ro code        0x7f4    0xa  cexit.o [4]
  .text            ro code        0x800   0x14  exit.o [5]
  .rodata          const          0x814    0xc  main.o [1]
  .rodata          const          0x820    0x0  zero_init3.o [4]
                                - 0x820  0x5b4

"P2", part 1 of 2:                        0x14
  .bss             zero     0x2000'0000    0x8  main.o [1]
  .bss             zero     0x2000'0008    0x8  main.o [1]
  .bss             zero     0x2000'0010    0x4  main.o [1]
                          - 0x2000'0014   0x14

"P2", part 2 of 2:                       0x200
  .noinit          uninit   0x2000'0014  0x200  startup_ewarm.o [1]
                          - 0x2000'0214  0x200

Unused ranges:

         From           To      Size
         ----           --      ----
        0x820     0x3'ffff  0x3'f7e0
  0x2000'0214  0x2000'7fff    0x7dec


*******************************************************************************
*** INIT TABLE
***

          Address      Size
          -------      ----
Zero (__iar_zero_init3)
    1 destination range, total size 0x14:
          0x2000'0000  0x14



*******************************************************************************
*** MODULE SUMMARY
***

    Module                 ro code  ro data  rw data
    ------                 -------  -------  -------
command line/config:
    ------------------------------------------------
    Total:

C:\main\Computer Engineering\Level 5\Intro to Embedded Systems\Project\Control\Debug\Obj: [1]
    main.o                   1'048       12       20
    startup_ewarm.o             30      620      512
    ------------------------------------------------
    Total:                   1'078      632      532

dl7M_tln.a: [2]
    exit.o                       4
    low_level_init.o             4
    ------------------------------------------------
    Total:                       8

m7M_tls.a: [3]
    fpinit_M.o                  34
    ------------------------------------------------
    Total:                      34

rt7M_tl.a: [4]
    ABImemcpy_unaligned.o      118
    cexit.o                     10
    cmain.o                     30
    cstartup_M.o                28
    data_init.o                 40
    zero_init3.o                56
    ------------------------------------------------
    Total:                     282

shb_l.a: [5]
    exit.o                      20
    ------------------------------------------------
    Total:                      20

    Gaps                         8        2
    Linker created                       16
----------------------------------------------------
    Grand Total:             1'430      650      532


*******************************************************************************
*** ENTRY LIST
***

Entry                       Address   Size  Type      Object
-----                       -------   ----  ----      ------
.iar.init_table$$Base         0x780          --   Gb  - Linker created -
.iar.init_table$$Limit        0x790          --   Gb  - Linker created -
?main                         0x7cd         Code  Gb  cmain.o [4]
EEPROM_Init                   0x343   0x16  Code  Gb  main.o [1]
EEPROM_ReadPassword           0x3b1   0x44  Code  Gb  main.o [1]
EEPROM_WritePassword          0x359   0x58  Code  Gb  main.o [1]
FaultISR                      0x7ab    0x2  Code  Lc  startup_ewarm.o [1]
IntDefaultHandler             0x7ad    0x2  Code  Lc  startup_ewarm.o [1]
NmiSR                         0x7a9    0x2  Code  Lc  startup_ewarm.o [1]
Region$$Table$$Base           0x780          --   Gb  - Linker created -
Region$$Table$$Limit          0x790          --   Gb  - Linker created -
ResetISR                      0x791   0x14  Code  Gb  startup_ewarm.o [1]
Timer0AIntHandler             0x32f   0x14  Code  Gb  main.o [1]
Timer0A_DelayMs               0x30d   0x22  Code  Gb  main.o [1]
Timer0A_Init                  0x2ab   0x62  Code  Gb  main.o [1]
UART0IntHandler               0x489   0x88  Code  Gb  main.o [1]
UART0_Init                    0x3f5   0x82  Code  Gb  main.o [1]
UART0_Transmit                0x477   0x12  Code  Gb  main.o [1]
__cmain                       0x7cd         Code  Gb  cmain.o [4]
__exit                        0x801   0x14  Code  Gb  exit.o [5]
__iar_data_init3              0x735   0x28  Code  Gb  data_init.o [4]
__iar_init_vfp                0x75d         Code  Gb  fpinit_M.o [3]
__iar_program_start           0x7b1         Code  Gb  cstartup_M.o [4]
__iar_unaligned_memcpy        0x685         Code  Gb  ABImemcpy_unaligned.o [4]
__iar_unaligned_memcpy4
                              0x6a5         Code  Gb  ABImemcpy_unaligned.o [4]
__iar_unaligned_memcpy8
                              0x6a5         Code  Gb  ABImemcpy_unaligned.o [4]
__iar_zero_init3              0x6fb   0x38  Code  Gb  zero_init3.o [4]
__low_level_init              0x7eb    0x4  Code  Gb  low_level_init.o [2]
__vector_table                  0x0  0x26c  Data  Gb  startup_ewarm.o [1]
_call_main                    0x7d9         Code  Gb  cmain.o [4]
_exit                         0x7f5         Code  Gb  cexit.o [4]
comparePassword               0x289   0x22  Code  Gb  main.o [1]
correctPassword         0x2000'0008    0x8  Data  Gb  main.o [1]
enable_gpio                   0x26d   0x1c  Code  Lc  main.o [1]
exit                          0x7ef    0x4  Code  Gb  exit.o [2]
main                          0x515   0xd0  Code  Gb  main.o [1]
passwordBuffer          0x2000'0000    0x8  Data  Gb  main.o [1]
passwordIndex           0x2000'0010    0x4  Data  Gb  main.o [1]
pui32Stack              0x2000'0014  0x200  Data  Lc  startup_ewarm.o [1]


[1] = C:\main\Computer Engineering\Level 5\Intro to Embedded Systems\Project\Control\Debug\Obj
[2] = dl7M_tln.a
[3] = m7M_tls.a
[4] = rt7M_tl.a
[5] = shb_l.a

  1'430 bytes of readonly  code memory
    650 bytes of readonly  data memory
    532 bytes of readwrite data memory

Errors: none
Warnings: none
