###############################################################################
#
# IAR ELF Linker V9.10.1.308/W64 for ARM                  12/Dec/2025  10:53:02
# Copyright 2007-2021 IAR Systems AB.
#
#    Output file  =
#        D:\College\Fall 2025\Introduction to Embedded
#        Systems\Project\Door-Lock-System-Tiva\Control\Debug\Exe\Control.out
#    Map file     =
#        D:\College\Fall 2025\Introduction to Embedded
#        Systems\Project\Door-Lock-System-Tiva\Control\Debug\List\Control.map
#    Command line =
#        -f "D:\College\Fall 2025\Introduction to Embedded
#        Systems\Project\Door-Lock-System-Tiva\Control\Debug\Exe\Control.out.rsp"
#        ("D:\College\Fall 2025\Introduction to Embedded
#        Systems\Project\Door-Lock-System-Tiva\Control\Debug\Obj\Logic\buffer.o"
#        "D:\College\Fall 2025\Introduction to Embedded
#        Systems\Project\Door-Lock-System-Tiva\Control\Debug\Obj\Drivers\buzzer.o"
#        "D:\College\Fall 2025\Introduction to Embedded
#        Systems\Project\Door-Lock-System-Tiva\Control\Debug\Obj\Drivers\eeprom.o"
#        "D:\College\Fall 2025\Introduction to Embedded
#        Systems\Project\Door-Lock-System-Tiva\Control\Debug\Obj\main.o"
#        "D:\College\Fall 2025\Introduction to Embedded
#        Systems\Project\Door-Lock-System-Tiva\Control\Debug\Obj\Drivers\motor.o"
#        "D:\College\Fall 2025\Introduction to Embedded
#        Systems\Project\Door-Lock-System-Tiva\Control\Debug\Obj\Logic\passowrd.o"
#        "D:\College\Fall 2025\Introduction to Embedded
#        Systems\Project\Door-Lock-System-Tiva\Control\Debug\Obj\startup_ewarm.o"
#        "D:\College\Fall 2025\Introduction to Embedded
#        Systems\Project\Door-Lock-System-Tiva\Control\Debug\Obj\Logic\statemachine.o"
#        "D:\College\Fall 2025\Introduction to Embedded
#        Systems\Project\Door-Lock-System-Tiva\Control\Debug\Obj\Tests\test_buzzer.o"
#        "D:\College\Fall 2025\Introduction to Embedded
#        Systems\Project\Door-Lock-System-Tiva\Control\Debug\Obj\Tests\test_eeprom.o"
#        "D:\College\Fall 2025\Introduction to Embedded
#        Systems\Project\Door-Lock-System-Tiva\Control\Debug\Obj\Tests\test_functions.o"
#        "D:\College\Fall 2025\Introduction to Embedded
#        Systems\Project\Door-Lock-System-Tiva\Control\Debug\Obj\Tests\test_motor.o"
#        "D:\College\Fall 2025\Introduction to Embedded
#        Systems\Project\Door-Lock-System-Tiva\Control\Debug\Obj\Tests\test_statemachine.o"
#        "D:\College\Fall 2025\Introduction to Embedded
#        Systems\Project\Door-Lock-System-Tiva\Control\Debug\Obj\Tests\test_timer.o"
#        "D:\College\Fall 2025\Introduction to Embedded
#        Systems\Project\Door-Lock-System-Tiva\Control\Debug\Obj\Tests\test_uart.o"
#        "D:\College\Fall 2025\Introduction to Embedded
#        Systems\Project\Door-Lock-System-Tiva\Control\Debug\Obj\Drivers\timer.o"
#        "D:\College\Fall 2025\Introduction to Embedded
#        Systems\Project\Door-Lock-System-Tiva\Control\Debug\Obj\Drivers\uart.o"
#        --no_out_extension -o "D:\College\Fall 2025\Introduction to Embedded
#        Systems\Project\Door-Lock-System-Tiva\Control\Debug\Exe\Control.out"
#        --redirect _Printf=_PrintfFullNoMb --redirect _Scanf=_ScanfFullNoMb
#        --map "D:\College\Fall 2025\Introduction to Embedded
#        Systems\Project\Door-Lock-System-Tiva\Control\Debug\List\Control.map"
#        --config "C:\Program Files\IAR Systems\Embedded Workbench
#        9.0\arm\config\linker\TexasInstruments\TM4C123GH6.icf" --semihosting
#        --entry __iar_program_start --vfe --text_out locale)
#
###############################################################################

*******************************************************************************
*** RUNTIME MODEL ATTRIBUTES
***

CppFlavor       = *
__SystemLibrary = DLib
__dlib_version  = 6


*******************************************************************************
*** HEAP SELECTION
***

The basic heap was selected because no calls to memory allocation
functions were found in the application outside of system library
functions, and there are calls to deallocation functions in the
application.


*******************************************************************************
*** PLACEMENT SUMMARY
***

"A0":  place at address 0x0 { ro section .intvec };
"P1":  place in [from 0x0 to 0x3'ffff] { ro };
define block CSTACK with size = 4K, alignment = 8 { };
define block HEAP with size = 8K, alignment = 8 { };
"P2":  place in [from 0x2000'0000 to 0x2000'7fff] {
          rw, block CSTACK, block HEAP };
do not initialize { rw section .noinit };

  Section          Kind         Address    Size  Object
  -------          ----         -------    ----  ------
"A0":                                     0x26c
  .intvec          const            0x0   0x26c  startup_ewarm.o [1]
                                - 0x26c   0x26c

"P1":                                    0x2740
  .text            ro code        0x26c   0xf16  xprintffull_nomb.o [5]
  .text            ro code       0x1182     0xa  xsprout.o [5]
  .text            ro code       0x118c    0x16  strchr.o [7]
  .text            ro code       0x11a4    0x40  xfail_s.o [5]
  .text            ro code       0x11e4    0x36  strlen.o [7]
  .text            ro code       0x121c    0x58  memchr.o [7]
  .text            ro code       0x1274    0x76  ABImemcpy_unaligned.o [7]
  .text            ro code       0x12ec    0x70  frexp.o [6]
  .text            ro code       0x135c    0x34  DblCmpLe.o [6]
  .text            ro code       0x1390    0x34  DblCmpGe.o [6]
  .text            ro code       0x13c4   0x13a  ldexp.o [6]
  .text            ro code       0x1500    0x36  DblToS32.o [6]
  .text            ro code       0x1538    0x22  S32ToDbl.o [6]
  .text            ro code       0x155c   0x24e  DblAddSub.o [6]
  .text            ro code       0x17ac   0x246  DblDiv.o [6]
  .text            ro code       0x19f4    0x22  DblToU32.o [6]
  .text            ro code       0x1a18    0x1c  U32ToDbl.o [6]
  .text            ro code       0x1a34   0x1aa  DblMul.o [6]
  .text            ro code       0x1be0   0x230  I64DivMod.o [7]
  .text            ro code       0x1e10     0x6  abort.o [5]
  .text            ro code       0x1e18     0x2  I64DivZer.o [7]
  .text            ro code       0x1e1c    0x14  exit.o [8]
  .text            ro code       0x1e30   0x158  uart.o [2]
  .text            ro code       0x1f88    0x24  buffer.o [3]
  .text            ro code       0x1fac   0x124  eeprom.o [2]
  .text            ro code       0x20d0   0x120  test_eeprom.o [4]
  .text            ro code       0x21f0    0x74  test_functions.o [4]
  .text            ro code       0x2264    0x14  memset.o [7]
  .text            ro code       0x2278    0x66  ABImemset.o [7]
  .text            ro code       0x22e0    0xe8  motor.o [2]
  .text            ro code       0x23c8    0xe4  test_uart.o [4]
  .text            ro code       0x24ac    0x40  sprintf.o [5]
  .text            ro code       0x24ec    0x9c  test_timer.o [4]
  .text            ro code       0x2588    0x70  timer.o [2]
  .text            ro code       0x25f8    0x8c  buzzer.o [2]
  .text            ro code       0x2684    0x6c  test_motor.o [4]
  .text            ro code       0x26f0    0x64  test_buzzer.o [4]
  .text            ro code       0x2754    0x5c  main.o [1]
  .text            ro code       0x27b0    0x38  zero_init3.o [7]
  .rodata          const         0x27e8    0x2c  test_uart.o [4]
  .text            ro code       0x2814    0x28  data_init.o [7]
  .rodata          const         0x283c    0x24  test_uart.o [4]
  .rodata          const         0x2860    0x24  test_uart.o [4]
  .text            ro code       0x2884    0x22  fpinit_M.o [6]
  .iar.init_table  const         0x28a8    0x10  - Linker created -
  .rodata          const         0x28b8    0x20  test_uart.o [4]
  .rodata          const         0x28d8    0x20  test_uart.o [4]
  .text            ro code       0x28f8    0x1e  startup_ewarm.o [1]
  .text            ro code       0x2918    0x1c  cstartup_M.o [7]
  .text            ro code       0x2934    0x1e  cmain.o [7]
  .text            ro code       0x2952     0x4  low_level_init.o [5]
  .text            ro code       0x2956     0x4  exit.o [5]
  .text            ro code       0x295c     0xa  cexit.o [7]
  .rodata          const         0x2968    0x1c  test_uart.o [4]
  .rodata          const         0x2984    0x18  test_uart.o [4]
  .rodata          const         0x299c     0x8  test_eeprom.o [4]
  .rodata          const         0x29a4     0x8  test_uart.o [4]
  .rodata          const         0x29ac     0x0  zero_init3.o [7]
                               - 0x29ac  0x2740

"P2", part 1 of 2:                         0x10
  .bss             zero     0x2000'0000     0x8  buffer.o [3]
  .bss             zero     0x2000'0008     0x4  buffer.o [3]
  .bss             zero     0x2000'000c     0x4  xfail_s.o [5]
                          - 0x2000'0010    0x10

"P2", part 2 of 2:                        0x200
  .noinit          uninit   0x2000'0010   0x200  startup_ewarm.o [1]
                          - 0x2000'0210   0x200

Unused ranges:

         From           To      Size
         ----           --      ----
       0x29ac     0x3'ffff  0x3'd654
  0x2000'0210  0x2000'7fff    0x7df0


*******************************************************************************
*** INIT TABLE
***

          Address      Size
          -------      ----
Zero (__iar_zero_init3)
    1 destination range, total size 0x10:
          0x2000'0000  0x10



*******************************************************************************
*** MODULE SUMMARY
***

    Module                 ro code  ro data  rw data
    ------                 -------  -------  -------
command line/config:
    ------------------------------------------------
    Total:

D:\College\Fall 2025\Introduction to Embedded Systems\Project\Door-Lock-System-Tiva\Control\Debug\Obj: [1]
    main.o                      92
    startup_ewarm.o             30      620      512
    ------------------------------------------------
    Total:                     122      620      512

D:\College\Fall 2025\Introduction to Embedded Systems\Project\Door-Lock-System-Tiva\Control\Debug\Obj\Drivers: [2]
    buzzer.o                   140
    eeprom.o                   292
    motor.o                    232
    timer.o                    112
    uart.o                     344
    ------------------------------------------------
    Total:                   1'120

D:\College\Fall 2025\Introduction to Embedded Systems\Project\Door-Lock-System-Tiva\Control\Debug\Obj\Logic: [3]
    buffer.o                    36                12
    ------------------------------------------------
    Total:                      36                12

D:\College\Fall 2025\Introduction to Embedded Systems\Project\Door-Lock-System-Tiva\Control\Debug\Obj\Tests: [4]
    test_buzzer.o              100
    test_eeprom.o              288        8
    test_functions.o           116
    test_motor.o               108
    test_timer.o               156
    test_uart.o                228      240
    ------------------------------------------------
    Total:                     996      248

dl7M_tln.a: [5]
    abort.o                      6
    exit.o                       4
    low_level_init.o             4
    sprintf.o                   64
    xfail_s.o                   64                 4
    xprintffull_nomb.o       3'862
    xsprout.o                   10
    ------------------------------------------------
    Total:                   4'014                 4

m7M_tls.a: [6]
    DblAddSub.o                590
    DblCmpGe.o                  52
    DblCmpLe.o                  52
    DblDiv.o                   582
    DblMul.o                   426
    DblToS32.o                  54
    DblToU32.o                  34
    S32ToDbl.o                  34
    U32ToDbl.o                  28
    fpinit_M.o                  34
    frexp.o                    112
    ldexp.o                    314
    ------------------------------------------------
    Total:                   2'312

rt7M_tl.a: [7]
    ABImemcpy_unaligned.o      118
    ABImemset.o                102
    I64DivMod.o                560
    I64DivZer.o                  2
    cexit.o                     10
    cmain.o                     30
    cstartup_M.o                28
    data_init.o                 40
    memchr.o                    88
    memset.o                    20
    strchr.o                    22
    strlen.o                    54
    zero_init3.o                56
    ------------------------------------------------
    Total:                   1'130

shb_l.a: [8]
    exit.o                      20
    ------------------------------------------------
    Total:                      20

    Gaps                        30        4
    Linker created                       16
----------------------------------------------------
    Grand Total:             9'780      888      528


*******************************************************************************
*** ENTRY LIST
***

Entry                       Address   Size  Type      Object
-----                       -------   ----  ----      ------
.iar.init_table$$Base        0x28a8          --   Gb  - Linker created -
.iar.init_table$$Limit       0x28b8          --   Gb  - Linker created -
?main                        0x2935         Code  Gb  cmain.o [7]
ASSERT_EQUAL                 0x2255   0x10  Code  Gb  test_functions.o [4]
ASSERT_FALSE                 0x2247    0xe  Code  Gb  test_functions.o [4]
ASSERT_TRUE                  0x2239    0xe  Code  Gb  test_functions.o [4]
BUFFER                  0x2000'0000    0x8  Data  Gb  buffer.o [3]
Buzzer_Init                  0x260f   0x2e  Code  Gb  buzzer.o [2]
Buzzer_ON                    0x266d   0x18  Code  Gb  buzzer.o [2]
Buzzer_Output                0x263d   0x20  Code  Gb  buzzer.o [2]
EEPROM_Init                  0x1fad   0x22  Code  Gb  eeprom.o [2]
EEPROM_ReadPassword          0x2015   0x32  Code  Gb  eeprom.o [2]
EEPROM_ReadTimeout           0x209f   0x1c  Code  Gb  eeprom.o [2]
EEPROM_WritePassword         0x1fcf   0x46  Code  Gb  eeprom.o [2]
EEPROM_WriteTimeout          0x2083   0x1c  Code  Gb  eeprom.o [2]
FaultISR                     0x2913    0x2  Code  Lc  startup_ewarm.o [1]
IntDefaultHandler            0x2915    0x2  Code  Lc  startup_ewarm.o [1]
NmiSR                        0x2911    0x2  Code  Lc  startup_ewarm.o [1]
Region$$Table$$Base          0x28a8          --   Gb  - Linker created -
Region$$Table$$Limit         0x28b8          --   Gb  - Linker created -
ResetBuffer                  0x1f89   0x24  Code  Gb  buffer.o [3]
ResetISR                     0x28f9   0x14  Code  Gb  startup_ewarm.o [1]
Run_All_Buzzer_Tests         0x2745   0x10  Code  Gb  test_buzzer.o [4]
Run_All_EEPROM_Tests         0x21d9   0x18  Code  Gb  test_eeprom.o [4]
Run_All_Motor_Tests          0x26e1   0x10  Code  Gb  test_motor.o [4]
Run_All_Timer_Tests          0x257d    0xc  Code  Gb  test_timer.o [4]
Test_Init                    0x21f1   0x26  Code  Gb  test_functions.o [4]
Timer0A_DelayMs              0x25b1   0x28  Code  Gb  timer.o [2]
Timer0A_Init                 0x2589   0x28  Code  Gb  timer.o [2]
UART0IntHandler              0x1efd   0x48  Code  Gb  uart.o [2]
UART0IntHandler_Test         0x23c9   0x14  Code  Gb  test_uart.o [4]
UART0_Init                   0x1e47   0x8e  Code  Gb  uart.o [2]
UART0_Send_String            0x1ee7   0x16  Code  Gb  uart.o [2]
UART0_Transmit               0x1ed5   0x12  Code  Gb  uart.o [2]
UART_Debug_Registers         0x23dd   0x2a  Code  Gb  test_uart.o [4]
UART_Run_All_Tests           0x2453   0x20  Code  Gb  test_uart.o [4]
UART_Test_BufferOverflow
                             0x241b   0x38  Code  Gb  test_uart.o [4]
UART_Test_Echo               0x2411    0xa  Code  Gb  test_uart.o [4]
UART_Test_Transmit           0x2407    0xa  Code  Gb  test_uart.o [4]
_LitobFullNoMb                0xf89  0x10c  Code  Lc  xprintffull_nomb.o [5]
_PrintfFullNoMb               0x26d  0xcec  Code  Gb  xprintffull_nomb.o [5]
_PutcharFullNoMb             0x10ed   0x20  Code  Lc  xprintffull_nomb.o [5]
_PutcharsFullNoMb            0x110d   0x2e  Code  Lc  xprintffull_nomb.o [5]
_SProut                      0x1183    0xa  Code  Gb  xsprout.o [5]
__aeabi_cdcmple              0x135d         Code  Gb  DblCmpLe.o [6]
__aeabi_cdrcmple             0x1391         Code  Gb  DblCmpGe.o [6]
__aeabi_d2iz                 0x1501         Code  Gb  DblToS32.o [6]
__aeabi_d2uiz                0x19f5         Code  Gb  DblToU32.o [6]
__aeabi_ddiv                 0x17ad         Code  Gb  DblDiv.o [6]
__aeabi_dmul                 0x1a35         Code  Gb  DblMul.o [6]
__aeabi_dsub                 0x16c9         Code  Gb  DblAddSub.o [6]
__aeabi_i2d                  0x1539         Code  Gb  S32ToDbl.o [6]
__aeabi_ldiv0                0x1e19         Code  Gb  I64DivZer.o [7]
__aeabi_memset               0x2279         Code  Gb  ABImemset.o [7]
__aeabi_ui2d                 0x1a19         Code  Gb  U32ToDbl.o [6]
__aeabi_uldivmod             0x1be1         Code  Gb  I64DivMod.o [7]
__cmain                      0x2935         Code  Gb  cmain.o [7]
__exit                       0x1e1d   0x14  Code  Gb  exit.o [8]
__iar_Fail_s                 0x11a5   0x1c  Code  Gb  xfail_s.o [5]
__iar_Memchr                 0x121d         Code  Gb  memchr.o [7]
__iar_Memset                 0x2279         Code  Gb  ABImemset.o [7]
__iar_Memset_word            0x2281         Code  Gb  ABImemset.o [7]
__iar_Strchr                 0x118d         Code  Gb  strchr.o [7]
__iar_data_init3             0x2815   0x28  Code  Gb  data_init.o [7]
__iar_frexp                  0x12f9         Code  Gb  frexp.o [6]
__iar_frexpl                 0x12f9         Code  Gb  frexp.o [6]
__iar_init_vfp               0x2885         Code  Gb  fpinit_M.o [6]
__iar_ldexp64                0x13c5         Code  Gb  ldexp.o [6]
__iar_program_start          0x2919         Code  Gb  cstartup_M.o [7]
__iar_scalbln64              0x13c5         Code  Gb  ldexp.o [6]
__iar_scalbn64               0x13c5         Code  Gb  ldexp.o [6]
__iar_softfp___iar_frexp64
                             0x12ed         Code  Gb  frexp.o [6]
__iar_softfp_frexp           0x12ed         Code  Gb  frexp.o [6]
__iar_softfp_frexpl          0x12ed         Code  Gb  frexp.o [6]
__iar_unaligned_memcpy       0x1275         Code  Gb  ABImemcpy_unaligned.o [7]
__iar_unaligned_memcpy4
                             0x1295         Code  Gb  ABImemcpy_unaligned.o [7]
__iar_unaligned_memcpy8
                             0x1295         Code  Gb  ABImemcpy_unaligned.o [7]
__iar_zero_init3             0x27b1   0x38  Code  Gb  zero_init3.o [7]
__low_level_init             0x2953    0x4  Code  Gb  low_level_init.o [5]
__vector_table                  0x0  0x26c  Data  Gb  startup_ewarm.o [1]
_call_main                   0x2941         Code  Gb  cmain.o [7]
_exit                        0x295d         Code  Gb  cexit.o [7]
abort                        0x1e11    0x6  Code  Gb  abort.o [5]
bufferIndex             0x2000'0008    0x4  Data  Gb  buffer.o [3]
close_Door                   0x2393    0xa  Code  Gb  motor.o [2]
convertTimeoutToSec          0x2047   0x3c  Code  Gb  eeprom.o [2]
enable_gpio                  0x25f9   0x16  Code  Lc  buzzer.o [2]
enable_gpio                  0x2755   0x16  Code  Lc  main.o [1]
enable_gpio                  0x1e31   0x16  Code  Lc  uart.o [2]
exit                         0x2957    0x4  Code  Gb  exit.o [5]
fail                         0x221f    0x8  Code  Lc  test_functions.o [4]
initialize_motor             0x22e1   0xa8  Code  Gb  motor.o [2]
ldexp                        0x13c5         Code  Gb  ldexp.o [6]
ldexpl                       0x13c5         Code  Gb  ldexp.o [6]
main                         0x2771   0x40  Code  Gb  main.o [1]
memchr                       0x121d         Code  Gb  memchr.o [7]
memset                       0x2265   0x14  Code  Gb  memset.o [7]
open_Door                    0x2389    0xa  Code  Gb  motor.o [2]
pass                         0x2217    0x8  Code  Gb  test_functions.o [4]
pui32Stack              0x2000'0010  0x200  Data  Lc  startup_ewarm.o [1]
scalbln                      0x13c5         Code  Gb  ldexp.o [6]
scalblnl                     0x13c5         Code  Gb  ldexp.o [6]
scalbn                       0x13c5         Code  Gb  ldexp.o [6]
scalbnl                      0x13c5         Code  Gb  ldexp.o [6]
scale                        0x1095   0x46  Code  Lc  xprintffull_nomb.o [5]
sec_hand                0x2000'000c    0x4  Data  Lc  xfail_s.o [5]
sprintf                      0x24ad   0x40  Code  Gb  sprintf.o [5]
strchr                       0x118d         Code  Gb  strchr.o [7]
strlen                       0x11e5         Code  Gb  strlen.o [7]
test_Buzzer_Init             0x26f1   0x10  Code  Gb  test_buzzer.o [4]
test_Buzzer_ON               0x2729   0x16  Code  Gb  test_buzzer.o [4]
test_Buzzer_Output           0x2701   0x28  Code  Gb  test_buzzer.o [4]
test_EEPROM_Init             0x20d1   0x10  Code  Gb  test_eeprom.o [4]
test_EEPROM_PasswordPersistence
                             0x20e1   0x56  Code  Gb  test_eeprom.o [4]
test_EEPROM_TimeoutPersistence
                             0x21a9   0x30  Code  Gb  test_eeprom.o [4]
test_Timer0A_DelayMs         0x252b   0x30  Code  Gb  test_timer.o [4]
test_Timer0A_Init            0x24ed   0x3e  Code  Gb  test_timer.o [4]
test_close                   0x26c1   0x14  Code  Gb  test_motor.o [4]
test_convertTimeoutToSec_invalid
                             0x2171   0x28  Code  Gb  test_eeprom.o [4]
test_convertTimeoutToSec_valid
                             0x2137   0x3a  Code  Gb  test_eeprom.o [4]
test_motor_init              0x2685   0x28  Code  Gb  test_motor.o [4]
test_open                    0x26ad   0x14  Code  Gb  test_motor.o [4]


[1] = D:\College\Fall 2025\Introduction to Embedded Systems\Project\Door-Lock-System-Tiva\Control\Debug\Obj
[2] = D:\College\Fall 2025\Introduction to Embedded Systems\Project\Door-Lock-System-Tiva\Control\Debug\Obj\Drivers
[3] = D:\College\Fall 2025\Introduction to Embedded Systems\Project\Door-Lock-System-Tiva\Control\Debug\Obj\Logic
[4] = D:\College\Fall 2025\Introduction to Embedded Systems\Project\Door-Lock-System-Tiva\Control\Debug\Obj\Tests
[5] = dl7M_tln.a
[6] = m7M_tls.a
[7] = rt7M_tl.a
[8] = shb_l.a

  9'780 bytes of readonly  code memory
    888 bytes of readonly  data memory
    528 bytes of readwrite data memory

Errors: none
Warnings: none
