###############################################################################
#
# IAR ELF Linker V9.10.1.308/W64 for ARM                  10/Dec/2025  21:31:50
# Copyright 2007-2021 IAR Systems AB.
#
#    Output file  =
#        C:\main\Computer Engineering\Level 5\Intro to Embedded
#        Systems\Project\HMI\Debug\Exe\HMI.out
#    Map file     =
#        C:\main\Computer Engineering\Level 5\Intro to Embedded
#        Systems\Project\HMI\Debug\List\HMI.map
#    Command line =
#        -f "C:\main\Computer Engineering\Level 5\Intro to Embedded
#        Systems\Project\HMI\Debug\Exe\HMI.out.rsp" ("C:\main\Computer
#        Engineering\Level 5\Intro to Embedded
#        Systems\Project\HMI\Debug\Obj\MC\buffer.o" "C:\main\Computer
#        Engineering\Level 5\Intro to Embedded
#        Systems\Project\HMI\Debug\Obj\HW\keypad.o" "C:\main\Computer
#        Engineering\Level 5\Intro to Embedded
#        Systems\Project\HMI\Debug\Obj\HW\LCD.o" "C:\main\Computer
#        Engineering\Level 5\Intro to Embedded
#        Systems\Project\HMI\Debug\Obj\main.o" "C:\main\Computer
#        Engineering\Level 5\Intro to Embedded
#        Systems\Project\HMI\Debug\Obj\HW\potentiometer.o" "C:\main\Computer
#        Engineering\Level 5\Intro to Embedded
#        Systems\Project\HMI\Debug\Obj\startup_ewarm.o" "C:\main\Computer
#        Engineering\Level 5\Intro to Embedded
#        Systems\Project\HMI\Debug\Obj\Application\state_machine.o"
#        "C:\main\Computer Engineering\Level 5\Intro to Embedded
#        Systems\Project\HMI\Debug\Obj\MC\SysTick_Driver.o" "C:\main\Computer
#        Engineering\Level 5\Intro to Embedded
#        Systems\Project\HMI\Debug\Obj\MC\timer.o" "C:\main\Computer
#        Engineering\Level 5\Intro to Embedded
#        Systems\Project\HMI\Debug\Obj\MC\uart.o" --no_out_extension -o
#        "C:\main\Computer Engineering\Level 5\Intro to Embedded
#        Systems\Project\HMI\Debug\Exe\HMI.out" --redirect
#        _Printf=_PrintfFullNoMb --redirect _Scanf=_ScanfFullNoMb --map
#        "C:\main\Computer Engineering\Level 5\Intro to Embedded
#        Systems\Project\HMI\Debug\List\HMI.map" --config "C:\Program Files\IAR
#        Systems\Embedded Workbench 9.0\arm\CONFIG\generic_cortex.icf"
#        --semihosting --entry __iar_program_start --vfe --text_out locale)
#
###############################################################################

*******************************************************************************
*** RUNTIME MODEL ATTRIBUTES
***

CppFlavor       = *
__SystemLibrary = DLib
__dlib_version  = 6


*******************************************************************************
*** HEAP SELECTION
***

The basic heap was selected because no calls to memory allocation
functions were found in the application outside of system library
functions, and there are calls to deallocation functions in the
application.


*******************************************************************************
*** PLACEMENT SUMMARY
***

"A0":  place at address 0x0 { ro section .intvec };
"P1":  place in [from 0x0 to 0x7'ffff] { ro };
define block CSTACK with size = 1K, alignment = 8 { };
define block PROC_STACK with size = 0, alignment = 8 { };
define block HEAP with size = 2K, alignment = 8 { };
"P2":  place in [from 0x2000'0000 to 0x2000'ffff] {
          rw, block CSTACK, block PROC_STACK, block HEAP };
do not initialize { section .noinit };

  Section          Kind         Address    Size  Object
  -------          ----         -------    ----  ------
"A0":                                     0x26c
  .intvec          const            0x0   0x26c  startup_ewarm.o [1]
                                - 0x26c   0x26c

"P1":                                    0x275c
  .text            ro code        0x26c   0xf16  xprintffull_nomb.o [5]
  .text            ro code       0x1182     0xa  xsprout.o [5]
  .text            ro code       0x118c    0x16  strchr.o [7]
  .text            ro code       0x11a4    0x40  xfail_s.o [5]
  .text            ro code       0x11e4    0x36  strlen.o [7]
  .text            ro code       0x121c    0x58  memchr.o [7]
  .text            ro code       0x1274    0x76  ABImemcpy_unaligned.o [7]
  .text            ro code       0x12ec    0x70  frexp.o [6]
  .text            ro code       0x135c    0x34  DblCmpLe.o [6]
  .text            ro code       0x1390    0x34  DblCmpGe.o [6]
  .text            ro code       0x13c4   0x13a  ldexp.o [6]
  .text            ro code       0x1500    0x36  DblToS32.o [6]
  .text            ro code       0x1538    0x22  S32ToDbl.o [6]
  .text            ro code       0x155c   0x24e  DblAddSub.o [6]
  .text            ro code       0x17ac   0x246  DblDiv.o [6]
  .text            ro code       0x19f4    0x22  DblToU32.o [6]
  .text            ro code       0x1a18    0x1c  U32ToDbl.o [6]
  .text            ro code       0x1a34   0x1aa  DblMul.o [6]
  .text            ro code       0x1be0   0x230  I64DivMod.o [7]
  .text            ro code       0x1e10     0x6  abort.o [5]
  .text            ro code       0x1e18     0x2  I64DivZer.o [7]
  .text            ro code       0x1e1c    0x14  exit.o [8]
  .text            ro code       0x1e30   0x430  state_machine.o [2]
  .text            ro code       0x2260   0x104  keypad.o [3]
  .text            ro code       0x2364    0x50  SysTick_Driver.o [4]
  .text            ro code       0x23b4   0x1f8  LCD.o [3]
  .text            ro code       0x25ac   0x158  uart.o [4]
  .text            ro code       0x2704    0x24  buffer.o [4]
  .text            ro code       0x2728    0xd8  potentiometer.o [3]
  .text            ro code       0x2800    0x40  sprintf.o [5]
  .text            ro code       0x2840    0x38  zero_init3.o [7]
  .text            ro code       0x2878    0x28  data_init.o [7]
  .text            ro code       0x28a0    0x22  main.o [1]
  .iar.init_table  const         0x28c4    0x10  - Linker created -
  .text            ro code       0x28d4    0x1e  startup_ewarm.o [1]
  .text            ro code       0x28f4    0x1c  cstartup_M.o [7]
  .text            ro code       0x2910    0x1e  cmain.o [7]
  .text            ro code       0x292e     0x4  low_level_init.o [5]
  .text            ro code       0x2932     0x4  exit.o [5]
  .text            ro code       0x2938     0xa  cexit.o [7]
  .rodata          const         0x2944    0x14  state_machine.o [2]
  .rodata          const         0x2958    0x10  keypad.o [3]
  .rodata          const         0x2968    0x10  state_machine.o [2]
  .rodata          const         0x2978     0xc  state_machine.o [2]
  .rodata          const         0x2984     0xc  state_machine.o [2]
  .rodata          const         0x2990     0xc  state_machine.o [2]
  .rodata          const         0x299c     0x8  LCD.o [3]
  .rodata          const         0x29a4     0x8  state_machine.o [2]
  .rodata          const         0x29ac     0x8  state_machine.o [2]
  .rodata          const         0x29b4     0x8  state_machine.o [2]
  .rodata          const         0x29bc     0x8  state_machine.o [2]
  .rodata          const         0x29c4     0x4  keypad.o [3]
  .rodata          const         0x29c8     0x0  zero_init3.o [7]
                               - 0x29c8  0x275c

"P2", part 1 of 2:                         0x14
  .bss             zero     0x2000'0000     0x8  buffer.o [4]
  .bss             zero     0x2000'0008     0x4  buffer.o [4]
  .bss             zero     0x2000'000c     0x4  xfail_s.o [5]
  .bss             zero     0x2000'0010     0x1  state_machine.o [2]
  .bss             zero     0x2000'0011     0x1  state_machine.o [2]
                          - 0x2000'0012    0x12

"P2", part 2 of 2:                        0x200
  .noinit          uninit   0x2000'0014   0x200  startup_ewarm.o [1]
                          - 0x2000'0214   0x200

Unused ranges:

         From           To      Size
         ----           --      ----
       0x29c8     0x7'ffff  0x7'd638
  0x2000'0214  0x2000'ffff    0xfdec


*******************************************************************************
*** INIT TABLE
***

          Address      Size
          -------      ----
Zero (__iar_zero_init3)
    1 destination range, total size 0x12:
          0x2000'0000  0x12



*******************************************************************************
*** MODULE SUMMARY
***

    Module                 ro code  ro data  rw data
    ------                 -------  -------  -------
command line/config:
    ------------------------------------------------
    Total:

C:\main\Computer Engineering\Level 5\Intro to Embedded Systems\Project\HMI\Debug\Obj: [1]
    main.o                      34
    startup_ewarm.o             30      620      512
    ------------------------------------------------
    Total:                      64      620      512

C:\main\Computer Engineering\Level 5\Intro to Embedded Systems\Project\HMI\Debug\Obj\Application: [2]
    state_machine.o          1'072      104        2
    ------------------------------------------------
    Total:                   1'072      104        2

C:\main\Computer Engineering\Level 5\Intro to Embedded Systems\Project\HMI\Debug\Obj\HW: [3]
    LCD.o                      504        8
    keypad.o                   260       20
    potentiometer.o            216
    ------------------------------------------------
    Total:                     980       28

C:\main\Computer Engineering\Level 5\Intro to Embedded Systems\Project\HMI\Debug\Obj\MC: [4]
    SysTick_Driver.o            80
    buffer.o                    36                12
    uart.o                     344
    ------------------------------------------------
    Total:                     460                12

dl7M_tln.a: [5]
    abort.o                      6
    exit.o                       4
    low_level_init.o             4
    sprintf.o                   64
    xfail_s.o                   64                 4
    xprintffull_nomb.o       3'862
    xsprout.o                   10
    ------------------------------------------------
    Total:                   4'014                 4

m7M_tl.a: [6]
    DblAddSub.o                590
    DblCmpGe.o                  52
    DblCmpLe.o                  52
    DblDiv.o                   582
    DblMul.o                   426
    DblToS32.o                  54
    DblToU32.o                  34
    S32ToDbl.o                  34
    U32ToDbl.o                  28
    frexp.o                    112
    ldexp.o                    314
    ------------------------------------------------
    Total:                   2'278

rt7M_tl.a: [7]
    ABImemcpy_unaligned.o      118
    I64DivMod.o                560
    I64DivZer.o                  2
    cexit.o                     10
    cmain.o                     30
    cstartup_M.o                28
    data_init.o                 40
    memchr.o                    88
    strchr.o                    22
    strlen.o                    54
    zero_init3.o                56
    ------------------------------------------------
    Total:                   1'008

shb_l.a: [8]
    exit.o                      20
    ------------------------------------------------
    Total:                      20

    Gaps                        28        4
    Linker created                       16
----------------------------------------------------
    Grand Total:             9'924      772      530


*******************************************************************************
*** ENTRY LIST
***

Entry                       Address   Size  Type      Object
-----                       -------   ----  ----      ------
.iar.init_table$$Base        0x28c4          --   Gb  - Linker created -
.iar.init_table$$Limit       0x28d4          --   Gb  - Linker created -
?main                        0x2911         Code  Gb  cmain.o [7]
BUFFER                  0x2000'0000    0x8  Data  Gb  buffer.o [4]
CURRENT_STATE           0x2000'0010    0x1  Data  Gb  state_machine.o [2]
FaultISR                     0x28ef    0x2  Code  Lc  startup_ewarm.o [1]
INIT_MACHINE                 0x1ead    0xa  Code  Gb  state_machine.o [2]
IntDefaultHandler            0x28f1    0x2  Code  Lc  startup_ewarm.o [1]
LCD_command                  0x23f3   0x40  Code  Gb  LCD.o [3]
LCD_data                     0x2433   0x34  Code  Gb  LCD.o [3]
LCD_enablePulse              0x23b5   0x28  Code  Gb  LCD.o [3]
LCD_init                     0x24e5   0xa2  Code  Gb  LCD.o [3]
LCD_printString              0x2467   0x3a  Code  Gb  LCD.o [3]
LCD_send4Bits                0x23dd   0x16  Code  Gb  LCD.o [3]
LCD_writeOrMenu              0x24a1   0x44  Code  Gb  LCD.o [3]
NmiSR                        0x28ed    0x2  Code  Lc  startup_ewarm.o [1]
Pot_Init                     0x2729   0x76  Code  Gb  potentiometer.o [3]
Pot_Read_Timeout             0x279f   0x2a  Code  Gb  potentiometer.o [3]
Region$$Table$$Base          0x28c4          --   Gb  - Linker created -
Region$$Table$$Limit         0x28d4          --   Gb  - Linker created -
ResetBuffer                  0x2705   0x24  Code  Gb  buffer.o [4]
ResetISR                     0x28d5   0x14  Code  Gb  startup_ewarm.o [1]
STATE_MACHINE                0x1ebd  0x364  Code  Gb  state_machine.o [2]
SysTick_DelayMs              0x2365   0x22  Code  Gb  SysTick_Driver.o [4]
SysTick_DelayUs              0x2387   0x20  Code  Gb  SysTick_Driver.o [4]
UART0IntHandler              0x266b   0x50  Code  Gb  uart.o [4]
UART0_Init                   0x25c3   0x82  Code  Gb  uart.o [4]
UART0_Send_String            0x2655   0x16  Code  Gb  uart.o [4]
UART0_Transmit               0x2645   0x10  Code  Gb  uart.o [4]
_LitobFullNoMb                0xf89  0x10c  Code  Lc  xprintffull_nomb.o [5]
_PrintfFullNoMb               0x26d  0xcec  Code  Gb  xprintffull_nomb.o [5]
_PutcharFullNoMb             0x10ed   0x20  Code  Lc  xprintffull_nomb.o [5]
_PutcharsFullNoMb            0x110d   0x2e  Code  Lc  xprintffull_nomb.o [5]
_SProut                      0x1183    0xa  Code  Gb  xsprout.o [5]
__aeabi_cdcmple              0x135d         Code  Gb  DblCmpLe.o [6]
__aeabi_cdrcmple             0x1391         Code  Gb  DblCmpGe.o [6]
__aeabi_d2iz                 0x1501         Code  Gb  DblToS32.o [6]
__aeabi_d2uiz                0x19f5         Code  Gb  DblToU32.o [6]
__aeabi_ddiv                 0x17ad         Code  Gb  DblDiv.o [6]
__aeabi_dmul                 0x1a35         Code  Gb  DblMul.o [6]
__aeabi_dsub                 0x16c9         Code  Gb  DblAddSub.o [6]
__aeabi_i2d                  0x1539         Code  Gb  S32ToDbl.o [6]
__aeabi_ldiv0                0x1e19         Code  Gb  I64DivZer.o [7]
__aeabi_ui2d                 0x1a19         Code  Gb  U32ToDbl.o [6]
__aeabi_uldivmod             0x1be1         Code  Gb  I64DivMod.o [7]
__cmain                      0x2911         Code  Gb  cmain.o [7]
__exit                       0x1e1d   0x14  Code  Gb  exit.o [8]
__iar_Fail_s                 0x11a5   0x1c  Code  Gb  xfail_s.o [5]
__iar_Memchr                 0x121d         Code  Gb  memchr.o [7]
__iar_Strchr                 0x118d         Code  Gb  strchr.o [7]
__iar_data_init3             0x2879   0x28  Code  Gb  data_init.o [7]
__iar_frexp                  0x12f9         Code  Gb  frexp.o [6]
__iar_frexp64                0x12ed         Code  Gb  frexp.o [6]
__iar_frexpl                 0x12f9         Code  Gb  frexp.o [6]
__iar_ldexp64                0x13c5         Code  Gb  ldexp.o [6]
__iar_program_start          0x28f5         Code  Gb  cstartup_M.o [7]
__iar_scalbln64              0x13c5         Code  Gb  ldexp.o [6]
__iar_scalbn64               0x13c5         Code  Gb  ldexp.o [6]
__iar_unaligned_memcpy       0x1275         Code  Gb  ABImemcpy_unaligned.o [7]
__iar_unaligned_memcpy4
                             0x1295         Code  Gb  ABImemcpy_unaligned.o [7]
__iar_unaligned_memcpy8
                             0x1295         Code  Gb  ABImemcpy_unaligned.o [7]
__iar_zero_init3             0x2841   0x38  Code  Gb  zero_init3.o [7]
__low_level_init             0x292f    0x4  Code  Gb  low_level_init.o [5]
__vector_table                  0x0  0x26c  Data  Gb  startup_ewarm.o [1]
_call_main                   0x291d         Code  Gb  cmain.o [7]
_exit                        0x2939         Code  Gb  cexit.o [7]
abort                        0x1e11    0x6  Code  Gb  abort.o [5]
bufferIndex             0x2000'0008    0x4  Data  Gb  buffer.o [4]
enable_gpio                  0x25ad   0x16  Code  Lc  uart.o [4]
enterPassword                0x1e6b   0x42  Code  Lc  state_machine.o [2]
exit                         0x2933    0x4  Code  Gb  exit.o [5]
frexp                        0x12ed         Code  Gb  frexp.o [6]
frexpl                       0x12ed         Code  Gb  frexp.o [6]
keypad_init                  0x2261   0x54  Code  Gb  keypad.o [3]
lastAction              0x2000'0011    0x1  Data  Lc  state_machine.o [2]
ldexp                        0x13c5         Code  Gb  ldexp.o [6]
ldexpl                       0x13c5         Code  Gb  ldexp.o [6]
main                         0x28a1   0x22  Code  Gb  main.o [1]
memchr                       0x121d         Code  Gb  memchr.o [7]
pui32Stack              0x2000'0014  0x200  Data  Lc  startup_ewarm.o [1]
readKey                      0x1e31   0x3a  Code  Lc  state_machine.o [2]
readKeypad                   0x22b5   0x84  Code  Gb  keypad.o [3]
scalbln                      0x13c5         Code  Gb  ldexp.o [6]
scalblnl                     0x13c5         Code  Gb  ldexp.o [6]
scalbn                       0x13c5         Code  Gb  ldexp.o [6]
scalbnl                      0x13c5         Code  Gb  ldexp.o [6]
scale                        0x1095   0x46  Code  Lc  xprintffull_nomb.o [5]
sec_hand                0x2000'000c    0x4  Data  Lc  xfail_s.o [5]
sprintf                      0x2801   0x40  Code  Gb  sprintf.o [5]
strchr                       0x118d         Code  Gb  strchr.o [7]
strlen                       0x11e5         Code  Gb  strlen.o [7]


[1] = C:\main\Computer Engineering\Level 5\Intro to Embedded Systems\Project\HMI\Debug\Obj
[2] = C:\main\Computer Engineering\Level 5\Intro to Embedded Systems\Project\HMI\Debug\Obj\Application
[3] = C:\main\Computer Engineering\Level 5\Intro to Embedded Systems\Project\HMI\Debug\Obj\HW
[4] = C:\main\Computer Engineering\Level 5\Intro to Embedded Systems\Project\HMI\Debug\Obj\MC
[5] = dl7M_tln.a
[6] = m7M_tl.a
[7] = rt7M_tl.a
[8] = shb_l.a

  9'924 bytes of readonly  code memory
    772 bytes of readonly  data memory
    530 bytes of readwrite data memory

Errors: none
Warnings: none
